Component: ARM Compiler 5.05 update 1 (build 106) Tool: armlink [4d0efa]

==============================================================================

Section Cross References

    main.o(.text) refers to _printf_pad.o(.text) for _printf_pre_padding
    main.o(.text) refers to _printf_percent.o(.ARM.Collect$$_printf_percent$$00000000) for _printf_percent
    main.o(.text) refers to _printf_f.o(.ARM.Collect$$_printf_percent$$00000003) for _printf_f
    main.o(.text) refers to printf1.o(x$fpl$printf1) for _printf_fp_dec
    main.o(.text) refers to stm32f10x_rcc.o(.text) for RCC_APB2PeriphClockCmd
    main.o(.text) refers to stm32f10x_gpio.o(.text) for GPIO_PinRemapConfig
    main.o(.text) refers to delay.o(.text) for delay_init
    main.o(.text) refers to misc.o(.text) for NVIC_PriorityGroupConfig
    main.o(.text) refers to usart.o(.text) for uart_init
    main.o(.text) refers to lt_led.o(.text) for LED_GPIO_Config
    main.o(.text) refers to lt_key.o(.text) for KEY_GPIO_Config
    main.o(.text) refers to lt_oled.o(.text) for OLED_Init
    main.o(.text) refers to lt_fdc2214_iic.o(.text) for FDC2214_IIC_Init
    main.o(.text) refers to lt_fdc2214.o(.text) for FDC2214_Init
    main.o(.text) refers to noretval__2printf.o(.text) for __2printf
    main.o(.text) refers to daddsub_clz.o(x$fpl$dsub) for __aeabi_dsub
    main.o(.text) refers to d2f.o(x$fpl$d2f) for __aeabi_d2f
    main.o(.text) refers to f2d.o(x$fpl$f2d) for __aeabi_f2d
    main.o(.text) refers to ffixu.o(x$fpl$ffixu) for __aeabi_f2uiz
    main.o(.text) refers to main.o(.data) for cap1
    system_stm32f10x.o(.text) refers to system_stm32f10x.o(.data) for SystemCoreClock
    lt_key.o(.text) refers to stm32f10x_rcc.o(.text) for RCC_APB2PeriphClockCmd
    lt_key.o(.text) refers to stm32f10x_gpio.o(.text) for GPIO_Init
    lt_key.o(.text) refers to delay.o(.text) for delay_ms
    lt_key.o(.text) refers to lt_key.o(.data) for key_up
    lt_led.o(.text) refers to stm32f10x_rcc.o(.text) for RCC_APB2PeriphClockCmd
    lt_led.o(.text) refers to stm32f10x_gpio.o(.text) for GPIO_Init
    lt_beep.o(.text) refers to stm32f10x_rcc.o(.text) for RCC_APB2PeriphClockCmd
    lt_beep.o(.text) refers to stm32f10x_gpio.o(.text) for GPIO_Init
    lt_relay.o(.text) refers to stm32f10x_rcc.o(.text) for RCC_APB2PeriphClockCmd
    lt_relay.o(.text) refers to stm32f10x_gpio.o(.text) for GPIO_Init
    lt_ir_switch.o(.text) refers to stm32f10x_rcc.o(.text) for RCC_APB2PeriphClockCmd
    lt_ir_switch.o(.text) refers to stm32f10x_gpio.o(.text) for GPIO_Init
    lt_ir_switch.o(.text) refers to delay.o(.text) for delay_ms
    lt_ir_man.o(.text) refers to stm32f10x_rcc.o(.text) for RCC_APB2PeriphClockCmd
    lt_ir_man.o(.text) refers to stm32f10x_gpio.o(.text) for GPIO_Init
    lt_ir_man.o(.text) refers to delay.o(.text) for delay_ms
    lt_dht11.o(.text) refers to delay.o(.text) for delay_ms
    lt_dht11.o(.text) refers to stm32f10x_rcc.o(.text) for RCC_APB2PeriphClockCmd
    lt_dht11.o(.text) refers to stm32f10x_gpio.o(.text) for GPIO_Init
    lt_adc.o(.text) refers to stm32f10x_rcc.o(.text) for RCC_APB2PeriphClockCmd
    lt_adc.o(.text) refers to stm32f10x_gpio.o(.text) for GPIO_Init
    lt_adc.o(.text) refers to stm32f10x_dma.o(.text) for DMA_DeInit
    lt_adc.o(.text) refers to stm32f10x_adc.o(.text) for ADC_Init
    lt_adc.o(.text) refers to lt_adc.o(.data) for ADC_ConvertedValue
    lt_pwm.o(.text) refers to stm32f10x_rcc.o(.text) for RCC_APB2PeriphClockCmd
    lt_pwm.o(.text) refers to stm32f10x_gpio.o(.text) for GPIO_Init
    lt_pwm.o(.text) refers to stm32f10x_tim.o(.text) for TIM_TimeBaseInit
    lt_ds18b20.o(.text) refers to stm32f10x_gpio.o(.text) for GPIO_Init
    lt_ds18b20.o(.text) refers to delay.o(.text) for delay_us
    lt_ds18b20.o(.text) refers to stm32f10x_rcc.o(.text) for RCC_APB2PeriphClockCmd
    lt_ds18b20.o(.text) refers to fflt_clz.o(x$fpl$fflt) for __aeabi_i2f
    lt_ds18b20.o(.text) refers to f2d.o(x$fpl$f2d) for __aeabi_f2d
    lt_ds18b20.o(.text) refers to dmul.o(x$fpl$dmul) for __aeabi_dmul
    lt_ds18b20.o(.text) refers to dfix.o(x$fpl$dfix) for __aeabi_d2iz
    lt_oled.o(.text) refers to stm32f10x_gpio.o(.text) for GPIO_SetBits
    lt_oled.o(.text) refers to lt_oled.o(.constdata) for F8X16
    lt_oled.o(.text) refers to stm32f10x_rcc.o(.text) for RCC_APB2PeriphClockCmd
    lt_oled.o(.text) refers to delay.o(.text) for delay_ms
    lt_oled.o(.text) refers to lt_oled.o(.data) for Hzk
    lt_matrix_key.o(.text) refers to stm32f10x_rcc.o(.text) for RCC_APB2PeriphClockCmd
    lt_matrix_key.o(.text) refers to stm32f10x_gpio.o(.text) for GPIO_Init
    lt_matrix_key.o(.text) refers to delay.o(.text) for delay_ms
    lt_matrix_key.o(.text) refers to lt_matrix_key.o(.data) for KPIN
    lt_rc522.o(.text) refers to _printf_pad.o(.text) for _printf_pre_padding
    lt_rc522.o(.text) refers to _printf_percent.o(.ARM.Collect$$_printf_percent$$00000000) for _printf_percent
[...]
    ../clib/signal.c                         0x00000000   Number         0  defsig_rtmem_formal.o ABSOLUTE
    ../clib/signal.c                         0x00000000   Number         0  defsig_general.o ABSOLUTE
    ../clib/signal.c                         0x00000000   Number         0  defsig_rtmem_outer.o ABSOLUTE
    ../clib/signal.c                         0x00000000   Number         0  __raise.o ABSOLUTE
    ../clib/signal.c                         0x00000000   Number         0  defsig_rtmem_inner.o ABSOLUTE
    ../clib/signal.c                         0x00000000   Number         0  defsig_exit.o ABSOLUTE
    ../clib/signal.c                         0x00000000   Number         0  defsig_segv_inner.o ABSOLUTE
    ../clib/signal.c                         0x00000000   Number         0  defsig_other.o ABSOLUTE
    ../clib/signal.s                         0x00000000   Number         0  defsig.o ABSOLUTE
    ../clib/stdio.c                          0x00000000   Number         0  ferror.o ABSOLUTE
    ../clib/stdio.c                          0x00000000   Number         0  ferror_locked.o ABSOLUTE
    ../clib/stdlib.c                         0x00000000   Number         0  exit.o ABSOLUTE
    ../fplib/d2f.s                           0x00000000   Number         0  d2f.o ABSOLUTE
    ../fplib/daddsub.s                       0x00000000   Number         0  daddsub_clz.o ABSOLUTE
    ../fplib/dcmpi.s                         0x00000000   Number         0  dcmpi.o ABSOLUTE
    ../fplib/ddiv.s                          0x00000000   Number         0  ddiv.o ABSOLUTE
    ../fplib/dfix.s                          0x00000000   Number         0  dfix.o ABSOLUTE
    ../fplib/dflt.s                          0x00000000   Number         0  dflt_clz.o ABSOLUTE
    ../fplib/dleqf.s                         0x00000000   Number         0  dleqf.o ABSOLUTE
    ../fplib/dmul.s                          0x00000000   Number         0  dmul.o ABSOLUTE
    ../fplib/dnaninf.s                       0x00000000   Number         0  dnaninf.o ABSOLUTE
    ../fplib/dretinf.s                       0x00000000   Number         0  dretinf.o ABSOLUTE
    ../fplib/drleqf.s                        0x00000000   Number         0  drleqf.o ABSOLUTE
    ../fplib/f2d.s                           0x00000000   Number         0  f2d.o ABSOLUTE
    ../fplib/fcmpi.s                         0x00000000   Number         0  fcmpi.o ABSOLUTE
    ../fplib/ffixu.s                         0x00000000   Number         0  ffixu.o ABSOLUTE
    ../fplib/fflt.s                          0x00000000   Number         0  fflt_clz.o ABSOLUTE
    ../fplib/fleqf.s                         0x00000000   Number         0  fleqf.o ABSOLUTE
    ../fplib/fmul.s                          0x00000000   Number         0  fmul.o ABSOLUTE
    ../fplib/fnaninf.s                       0x00000000   Number         0  fnaninf.o ABSOLUTE
    ../fplib/fpinit.s                        0x00000000   Number         0  fpinit.o ABSOLUTE
    ../fplib/fretinf.s                       0x00000000   Number         0  fretinf.o ABSOLUTE
    ../fplib/istatus.s                       0x00000000   Number         0  istatus.o ABSOLUTE
    ../fplib/printf1.s                       0x00000000   Number         0  printf1.o ABSOLUTE
    ../fplib/usenofp.s                       0x00000000   Number         0  usenofp.o ABSOLUTE
    ../mathlib/fpclassify.c                  0x00000000   Number         0  fpclassify.o ABSOLUTE
    ..\CORE\core_cm3.c                       0x00000000   Number         0  core_cm3.o ABSOLUTE
    ..\CORE\startup_stm32f10x_hd.s           0x00000000   Number         0  startup_stm32f10x_hd.o ABSOLUTE
    ..\LT_BSP\LT_ADC\lt_adc.c                0x00000000   Number         0  lt_adc.o ABSOLUTE
    ..\LT_BSP\LT_BEEP\lt_beep.c              0x00000000   Number         0  lt_beep.o ABSOLUTE
    ..\LT_BSP\LT_DHT11\lt_dht11.c            0x00000000   Number         0  lt_dht11.o ABSOLUTE
    ..\LT_BSP\LT_DS1302\lt_ds1302.c          0x00000000   Number         0  lt_ds1302.o ABSOLUTE
    ..\LT_BSP\LT_DS18B20\lt_ds18b20.c        0x00000000   Number         0  lt_ds18b20.o ABSOLUTE
    ..\LT_BSP\LT_FDC2214\lt_fdc2214.c        0x00000000   Number         0  lt_fdc2214.o ABSOLUTE
    ..\LT_BSP\LT_FDC2214\lt_fdc2214_iic.c    0x00000000   Number         0  lt_fdc2214_iic.o ABSOLUTE
    ..\LT_BSP\LT_IR_MAN\lt_ir_man.c          0x00000000   Number         0  lt_ir_man.o ABSOLUTE
    ..\LT_BSP\LT_IR_SW\lt_ir_switch.c        0x00000000   Number         0  lt_ir_switch.o ABSOLUTE
    ..\LT_BSP\LT_KEY\lt_key.c                0x00000000   Number         0  lt_key.o ABSOLUTE
    ..\LT_BSP\LT_LED\lt_led.c                0x00000000   Number         0  lt_led.o ABSOLUTE
    ..\LT_BSP\LT_MATRIX_KEY\lt_matrix_key.c  0x00000000   Number         0  lt_matrix_key.o ABSOLUTE
    ..\LT_BSP\LT_OLED\lt_oled.c              0x00000000   Number         0  lt_oled.o ABSOLUTE
    ..\LT_BSP\LT_PWM\lt_pwm.c                0x00000000   Number         0  lt_pwm.o ABSOLUTE
    ..\LT_BSP\LT_RC522\lt_RC522.c            0x00000000   Number         0  lt_rc522.o ABSOLUTE
    ..\LT_BSP\LT_RELAY\lt_relay.c            0x00000000   Number         0  lt_relay.o ABSOLUTE
    ..\LT_BSP\LT_TIMER\lt_timer.c            0x00000000   Number         0  lt_timer.o ABSOLUTE
    ..\LT_BSP\LT_ULN2003\lt_uln2003.c        0x00000000   Number         0  lt_uln2003.o ABSOLUTE
    ..\LT_BSP\LT_VOICE\lt_voice.c            0x00000000   Number         0  lt_voice.o ABSOLUTE
    ..\STM32F10x_FWLib\src\misc.c            0x00000000   Number         0  misc.o ABSOLUTE
    ..\STM32F10x_FWLib\src\stm32f10x_adc.c   0x00000000   Number         0  stm32f10x_adc.o ABSOLUTE
    ..\STM32F10x_FWLib\src\stm32f10x_dma.c   0x00000000   Number         0  stm32f10x_dma.o ABSOLUTE
    ..\STM32F10x_FWLib\src\stm32f10x_gpio.c  0x00000000   Number         0  stm32f10x_gpio.o ABSOLUTE
    ..\STM32F10x_FWLib\src\stm32f10x_rcc.c   0x00000000   Number         0  stm32f10x_rcc.o ABSOLUTE
    ..\STM32F10x_FWLib\src\stm32f10x_spi.c   0x00000000   Number         0  stm32f10x_spi.o ABSOLUTE
    ..\STM32F10x_FWLib\src\stm32f10x_tim.c   0x00000000   Number         0  stm32f10x_tim.o ABSOLUTE
    ..\STM32F10x_FWLib\src\stm32f10x_usart.c 0x00000000   Number         0  stm32f10x_usart.o ABSOLUTE
    ..\SYSTEM\delay\delay.c                  0x00000000   Number         0  delay.o ABSOLUTE
    ..\SYSTEM\sys\sys.c                      0x00000000   Number         0  sys.o ABSOLUTE
    ..\SYSTEM\usart\usart.c                  0x00000000   Number         0  usart.o ABSOLUTE
    ..\\CORE\\core_cm3.c                     0x00000000   Number         0  core_cm3.o ABSOLUTE
    ..\\SYSTEM\\sys\\sys.c                   0x00000000   Number         0  sys.o ABSOLUTE
    dc.s                                     0x00000000   Number         0  dc.o ABSOLUTE
    main.c                                   0x00000000   Number         0  main.o ABSOLUTE
    stm32f10x_it.c                           0x00000000   Number         0  stm32f10x_it.o ABSOLUTE
    system_stm32f10x.c                       0x00000000   Number         0  system_stm32f10x.o ABSOLUTE
    RESET                                    0x08000000   Section      304  startup_stm32f10x_hd.o(RESET)
    !!!main                                  0x08000130   Section        8  __main.o(!!!main)
    !!!scatter                               0x08000138   Section       52  __scatter.o(!!!scatter)
    !!dczerorl2                              0x0800016c   Section       90  __dczerorl2.o(!!dczerorl2)
    !!handler_zi                             0x080001c8   Section       28  __scatter_zi.o(!!handler_zi)
    .ARM.Collect$$_printf_percent$$00000000  0x080001e4   Section        0  _printf_percent.o(.ARM.Collect$$_printf_percent$$00000000)
    .ARM.Collect$$_printf_percent$$00000003  0x080001e4   Section        6  _printf_f.o(.ARM.Collect$$_printf_percent$$00000003)
    .ARM.Collect$$_printf_percent$$00000017  0x080001ea   Section        4  _printf_percent_end.o(.ARM.Collect$$_printf_percent$$00000017)
    .ARM.Collect$$libinit$$00000000          0x080001ee   Section        2  libinit.o(.ARM.Collect$$libinit$$00000000)
    .ARM.Collect$$libinit$$00000002          0x080001f0   Section        0  libinit2.o(.ARM.Collect$$libinit$$00000002)
    .ARM.Collect$$libinit$$00000004          0x080001f0   Section        0  libinit2.o(.ARM.Collect$$libinit$$00000004)
    .ARM.Collect$$libinit$$0000000A          0x080001f0   Section        0  libinit2.o(.ARM.Collect$$libinit$$0000000A)
    .ARM.Collect$$libinit$$0000000C          0x080001f0   Section        0  libinit2.o(.ARM.Collect$$libinit$$0000000C)
    .ARM.Collect$$libinit$$0000000E          0x080001f0   Section        0  libinit2.o(.ARM.Collect$$libinit$$0000000E)
    .ARM.Collect$$libinit$$0000000F          0x080001f0   Section        6  libinit2.o(.ARM.Collect$$libinit$$0000000F)
    .ARM.Collect$$libinit$$00000011          0x080001f6   Section        0  libinit2.o(.ARM.Collect$$libinit$$00000011)
    .ARM.Collect$$libinit$$00000013          0x080001f6   Section        0  libinit2.o(.ARM.Collect$$libinit$$00000013)
    .ARM.Collect$$libinit$$00000015          0x080001f6   Section        0  libinit2.o(.ARM.Collect$$libinit$$00000015)
    .ARM.Collect$$libinit$$00000016          0x080001f6   Section       10  libinit2.o(.ARM.Collect$$libinit$$00000016)
    .ARM.Collect$$libinit$$00000017          0x08000200   Section        0  libinit2.o(.ARM.Collect$$libinit$$00000017)
    .ARM.Collect$$libinit$$00000019          0x08000200   Section        0  libinit2.o(.ARM.Collect$$libinit$$00000019)
    .ARM.Collect$$libinit$$0000001B          0x08000200   Section        0  libinit2.o(.ARM.Collect$$libinit$$0000001B)
    .ARM.Collect$$libinit$$0000001D          0x08000200   Section        0  libinit2.o(.ARM.Collect$$libinit$$0000001D)
    .ARM.Collect$$libinit$$0000001F          0x08000200   Section        0  libinit2.o(.ARM.Collect$$libinit$$0000001F)
    .ARM.Collect$$libinit$$00000021          0x08000200   Section        0  libinit2.o(.ARM.Collect$$libinit$$00000021)
    .ARM.Collect$$libinit$$00000023          0x08000200   Section        0  libinit2.o(.ARM.Collect$$libinit$$00000023)
    .ARM.Collect$$libinit$$00000025          0x08000200   Section        0  libinit2.o(.ARM.Collect$$libinit$$00000025)
    .ARM.Collect$$libinit$$0000002C          0x08000200   Section        0  libinit2.o(.ARM.Collect$$libinit$$0000002C)
    .ARM.Collect$$libinit$$0000002E          0x08000200   Section        0  libinit2.o(.ARM.Collect$$libinit$$0000002E)
    .ARM.Collect$$libinit$$00000030          0x08000200   Section        0  libinit2.o(.ARM.Collect$$libinit$$00000030)
    .ARM.Collect$$libinit$$00000032          0x08000200   Section        0  libinit2.o(.ARM.Collect$$libinit$$00000032)
    .ARM.Collect$$libinit$$00000033          0x08000200   Section        2  libinit2.o(.ARM.Collect$$libinit$$00000033)
    .ARM.Collect$$libshutdown$$00000000      0x08000202   Section        2  libshutdown.o(.ARM.Collect$$libshutdown$$00000000)
    .ARM.Collect$$libshutdown$$00000003      0x08000204   Section        0  libshutdown2.o(.ARM.Collect$$libshutdown$$00000003)
    .ARM.Collect$$libshutdown$$00000006      0x08000204   Section        0  libshutdown2.o(.ARM.Collect$$libshutdown$$00000006)
    .ARM.Collect$$libshutdown$$00000009      0x08000204   Section        0  libshutdown2.o(.ARM.Collect$$libshutdown$$00000009)
    .ARM.Collect$$libshutdown$$0000000B      0x08000204   Section        0  libshutdown2.o(.ARM.Collect$$libshutdown$$0000000B)
    .ARM.Collect$$libshutdown$$0000000E      0x08000204   Section        0  libshutdown2.o(.ARM.Collect$$libshutdown$$0000000E)
    .ARM.Collect$$libshutdown$$0000000F      0x08000204   Section        2  libshutdown2.o(.ARM.Collect$$libshutdown$$0000000F)
    .ARM.Collect$$rtentry$$00000000          0x08000206   Section        0  __rtentry.o(.ARM.Collect$$rtentry$$00000000)
    .ARM.Collect$$rtentry$$00000002          0x08000206   Section        0  __rtentry2.o(.ARM.Collect$$rtentry$$00000002)
    .ARM.Collect$$rtentry$$00000004          0x08000206   Section        6  __rtentry4.o(.ARM.Collect$$rtentry$$00000004)
    .ARM.Collect$$rtentry$$00000009          0x0800020c   Section        0  __rtentry2.o(.ARM.Collect$$rtentry$$00000009)
    .ARM.Collect$$rtentry$$0000000A          0x0800020c   Section        4  __rtentry2.o(.ARM.Collect$$rtentry$$0000000A)
    .ARM.Collect$$rtentry$$0000000C          0x08000210   Section        0  __rtentry2.o(.ARM.Collect$$rtentry$$0000000C)
    .ARM.Collect$$rtentry$$0000000D          0x08000210   Section        8  __rtentry2.o(.ARM.Collect$$rtentry$$0000000D)
    .ARM.Collect$$rtexit$$00000000           0x08000218   Section        2  rtexit.o(.ARM.Collect$$rtexit$$00000000)
    .ARM.Collect$$rtexit$$00000002           0x0800021a   Section        0  rtexit2.o(.ARM.Collect$$rtexit$$00000002)
    .ARM.Collect$$rtexit$$00000003           0x0800021a   Section        4  rtexit2.o(.ARM.Collect$$rtexit$$00000003)
    .ARM.Collect$$rtexit$$00000004           0x0800021e   Section        6  rtexit2.o(.ARM.Collect$$rtexit$$00000004)
    .text                                    0x08000224   Section        0  main.o(.text)
    .text                                    0x080005c0   Section        0  stm32f10x_it.o(.text)
    .text                                    0x080005dc   Section        0  system_stm32f10x.o(.text)
    SetSysClockTo72                          0x080005dd   Thumb Code   214  system_stm32f10x.o(.text)
    SetSysClock                              0x080006b3   Thumb Code     8  system_stm32f10x.o(.text)
    .text                                    0x080007bc   Section        0  lt_key.o(.text)
    .text                                    0x08000878   Section        0  lt_led.o(.text)
    .text                                    0x080008d4   Section        0  lt_oled.o(.text)
    .text                                    0x08000eec   Section        0  lt_timer.o(.text)
    .text                                    0x08000f80   Section        0  lt_fdc2214.o(.text)
    .text                                    0x08001728   Section        0  lt_fdc2214_iic.o(.text)
    .text                                    0x08001a18   Section        0  delay.o(.text)
    .text                                    0x08001aec   Section        0  usart.o(.text)
    .text                                    0x08001d5c   Section       64  startup_stm32f10x_hd.o(.text)
    .text                                    0x08001d9c   Section        0  misc.o(.text)
    .text                                    0x08001e78   Section        0  stm32f10x_gpio.o(.text)
    .text                                    0x080021d4   Section        0  stm32f10x_rcc.o(.text)
    .text                                    0x08002578   Section        0  stm32f10x_usart.o(.text)
    .text                                    0x08002980   Section        0  stm32f10x_tim.o(.text)
    TI4_Config                               0x08002e27   Thumb Code   130  stm32f10x_tim.o(.text)
    TI3_Config                               0x08002ebb   Thumb Code   122  stm32f10x_tim.o(.text)
    TI2_Config                               0x08002f4f   Thumb Code   130  stm32f10x_tim.o(.text)
    TI1_Config                               0x08002fe3   Thumb Code   108  stm32f10x_tim.o(.text)
    .text                                    0x0800379a   Section        2  use_no_semi_2.o(.text)
    .text                                    0x0800379c   Section        0  noretval__2printf.o(.text)
    .text                                    0x080037b4   Section        0  _printf_pad.o(.text)
    .text                                    0x08003804   Section        0  __printf_flags_wp.o(.text)
    .text                                    0x0800393c   Section        0  heapauxi.o(.text)
    .text                                    0x08003942   Section        2  use_no_semi.o(.text)
    .text                                    0x08003944   Section        0  _printf_fp_dec.o(.text)
    _fp_digits                               0x08003947   Thumb Code   428  _printf_fp_dec.o(.text)
    .text                                    0x08003d60   Section        0  _printf_char_common.o(.text)
    _printf_input_char                       0x08003d61   Thumb Code    10  _printf_char_common.o(.text)
    .text                                    0x08003d90   Section        0  _printf_char_file.o(.text)
    .text                                    0x08003db4   Section        8  rt_locale_intlibspace.o(.text)
    .text                                    0x08003dbc   Section      138  lludiv10.o(.text)
    .text                                    0x08003e48   Section        0  _printf_fp_infnan.o(.text)
    .text                                    0x08003ec8   Section        0  bigflt0.o(.text)
    .text                                    0x08003fa4   Section        0  ferror.o(.text)
    .text                                    0x08003fac   Section        8  libspace.o(.text)
    .text                                    0x08003fb4   Section       74  sys_stackheap_outer.o(.text)
    .text                                    0x08003ffe   Section        0  exit.o(.text)
    .text                                    0x0800400c   Section      128  strcmpv7m.o(.text)
    CL$$btod_d2e                             0x0800408c   Section       62  btod.o(CL$$btod_d2e)
    CL$$btod_d2e_denorm_low                  0x080040ca   Section       70  btod.o(CL$$btod_d2e_denorm_low)
    CL$$btod_d2e_norm_op1                    0x08004110   Section       96  btod.o(CL$$btod_d2e_norm_op1)
    CL$$btod_div_common                      0x08004170   Section      824  btod.o(CL$$btod_div_common)
    CL$$btod_e2e                             0x080044a8   Section      198  btod.o(CL$$btod_e2e)
    CL$$btod_ediv                            0x0800456e   Section       40  btod.o(CL$$btod_ediv)
    CL$$btod_emul                            0x08004596   Section       40  btod.o(CL$$btod_emul)
    CL$$btod_mult_common                     0x080045be   Section      580  btod.o(CL$$btod_mult_common)
    i.__ARM_fpclassify                       0x08004802   Section        0  fpclassify.o(i.__ARM_fpclassify)
    i._is_digit                              0x0800482a   Section        0  __printf_wp.o(i._is_digit)
    locale$$code                             0x08004838   Section       44  lc_numeric_c.o(locale$$code)
    x$fpl$d2f                                0x08004864   Section       98  d2f.o(x$fpl$d2f)
    x$fpl$dadd                               0x080048c8   Section      336  daddsub_clz.o(x$fpl$dadd)
    _dadd1                                   0x080048d9   Thumb Code     0  daddsub_clz.o(x$fpl$dadd)
    x$fpl$ddiv                               0x08004a18   Section      688  ddiv.o(x$fpl$ddiv)
    ddiv_entry                               0x08004a1f   Thumb Code     0  ddiv.o(x$fpl$ddiv)
    x$fpl$dfltu                              0x08004cc8   Section       38  dflt_clz.o(x$fpl$dfltu)
    x$fpl$dmul                               0x08004cf0   Section      340  dmul.o(x$fpl$dmul)
    x$fpl$dnaninf                            0x08004e44   Section      156  dnaninf.o(x$fpl$dnaninf)
    x$fpl$dretinf                            0x08004ee0   Section       12  dretinf.o(x$fpl$dretinf)
    x$fpl$dsub                               0x08004eec   Section      468  daddsub_clz.o(x$fpl$dsub)
    _dsub1                                   0x08004efd   Thumb Code     0  daddsub_clz.o(x$fpl$dsub)
    x$fpl$f2d                                0x080050c0   Section       86  f2d.o(x$fpl$f2d)
    x$fpl$ffixu                              0x08005118   Section       62  ffixu.o(x$fpl$ffixu)
    x$fpl$fnaninf                            0x08005156   Section      140  fnaninf.o(x$fpl$fnaninf)
    x$fpl$fretinf                            0x080051e2   Section       10  fretinf.o(x$fpl$fretinf)
    x$fpl$printf1                            0x080051ec   Section        4  printf1.o(x$fpl$printf1)
    .constdata                               0x080051f0   Section     2072  lt_oled.o(.constdata)
    x$fpl$usenofp                            0x080051f0   Section        0  usenofp.o(x$fpl$usenofp)
    .constdata                               0x08005a08   Section       17  __printf_flags_wp.o(.constdata)
    maptable                                 0x08005a08   Data          17  __printf_flags_wp.o(.constdata)
    .constdata                               0x08005a1c   Section      148  bigflt0.o(.constdata)
    tenpwrs_x                                0x08005a1c   Data          60  bigflt0.o(.constdata)
    tenpwrs_i                                0x08005a58   Data          64  bigflt0.o(.constdata)
    locale$$data                             0x08005ad0   Section       28  lc_numeric_c.o(locale$$data)
    __lcnum_c_name                           0x08005ad4   Data           2  lc_numeric_c.o(locale$$data)
    __lcnum_c_start                          0x08005adc   Data           0  lc_numeric_c.o(locale$$data)
    __lcnum_c_point                          0x08005ae8   Data           0  lc_numeric_c.o(locale$$data)
    __lcnum_c_thousands                      0x08005aea   Data           0  lc_numeric_c.o(locale$$data)
    __lcnum_c_grouping                       0x08005aeb   Data           0  lc_numeric_c.o(locale$$data)
    __lcnum_c_end                            0x08005aec   Data           0  lc_numeric_c.o(locale$$data)
    .data                                    0x20000000   Section       16  main.o(.data)
    .data                                    0x20000010   Section       20  system_stm32f10x.o(.data)
    .data                                    0x20000024   Section        1  lt_key.o(.data)
    key_up                                   0x20000024   Data           1  lt_key.o(.data)
    .data                                    0x20000025   Section      640  lt_oled.o(.data)
    .data                                    0x200002a8   Section       20  lt_fdc2214.o(.data)
    .data                                    0x200002bc   Section        4  delay.o(.data)
    fac_us                                   0x200002bc   Data           1  delay.o(.data)
    fac_ms                                   0x200002be   Data           2  delay.o(.data)
    .data                                    0x200002c0   Section        9  usart.o(.data)
    .data                                    0x200002c9   Section       20  stm32f10x_rcc.o(.data)
    APBAHBPrescTable                         0x200002c9   Data          16  stm32f10x_rcc.o(.data)
    ADCPrescTable                            0x200002d9   Data           4  stm32f10x_rcc.o(.data)
    .bss                                     0x200002e0   Section       64  lt_fdc2214.o(.bss)
    .bss                                     0x20000320   Section      200  usart.o(.bss)
    .bss                                     0x200003e8   Section       96  libspace.o(.bss)
    HEAP                                     0x20000448   Section      512  startup_stm32f10x_hd.o(HEAP)
    Heap_Mem                                 0x20000448   Data         512  startup_stm32f10x_hd.o(HEAP)
    STACK                                    0x20000648   Section     1024  startup_stm32f10x_hd.o(STACK)
    Stack_Mem                                0x20000648   Data        1024  startup_stm32f10x_hd.o(STACK)
    __initial_sp                             0x20000a48   Data           0  startup_stm32f10x_hd.o(STACK)

    Global Symbols

    Symbol Name                              Value     Ov Type        Size  Object(Section)

    BuildAttributes$$THM_ISAv4$P$D$K$B$S$PE$A:L22UL41UL21$X:L11$S22US41US21$IEEE1$IW$USESV6$~STKCKD$USESV7$~SHL$OTIME$ROPI$IEEEJ$EBA8$UX$STANDARDLIB$REQ8$PRES8$EABIv2 0x00000000   Number         0  anon$$obj.o ABSOLUTE
    __ARM_use_no_argv                        0x00000000   Number         0  main.o ABSOLUTE
    _printf_flags                            0x00000000   Number         0  printf_stubs.o ABSOLUTE
    _printf_return_value                     0x00000000   Number         0  printf_stubs.o ABSOLUTE
    _printf_sizespec                         0x00000000   Number         0  printf_stubs.o ABSOLUTE
    _printf_widthprec                        0x00000000   Number         0  printf_stubs.o ABSOLUTE
    __ARM_exceptions_init                     - Undefined Weak Reference
    __alloca_initialize                       - Undefined Weak Reference
    __arm_preinit_                            - Undefined Weak Reference
    __cpp_initialize__aeabi_                  - Undefined Weak Reference
    __cxa_finalize                            - Undefined Weak Reference
    __sigvec_lookup                           - Undefined Weak Reference
    _atexit_init                              - Undefined Weak Reference
    _call_atexit_fns                          - Undefined Weak Reference
    _clock_init                               - Undefined Weak Reference
    _fp_trap_init                             - Undefined Weak Reference
    _fp_trap_shutdown                         - Undefined Weak Reference
    _get_lc_collate                           - Undefined Weak Reference
    _get_lc_ctype                             - Undefined Weak Reference
    _get_lc_monetary                          - Undefined Weak Reference
    _get_lc_time                              - Undefined Weak Reference
    _getenv_init                              - Undefined Weak Reference
    _handle_redirection                       - Undefined Weak Reference
    _init_alloc                               - Undefined Weak Reference
    _init_user_alloc                          - Undefined Weak Reference
    _initio                                   - Undefined Weak Reference
    _mutex_acquire                            - Undefined Weak Reference
    _mutex_release                            - Undefined Weak Reference
    _printf_mbtowc                            - Undefined Weak Reference
    _printf_truncate_unsigned                 - Undefined Weak Reference
    _rand_init                                - Undefined Weak Reference
    _signal_finish                            - Undefined Weak Reference
    _signal_init                              - Undefined Weak Reference
    _terminate_alloc                          - Undefined Weak Reference
    _terminate_user_alloc                     - Undefined Weak Reference
    _terminateio                              - Undefined Weak Reference
    __Vectors_Size                           0x00000130   Number         0  startup_stm32f10x_hd.o ABSOLUTE
    __Vectors                                0x08000000   Data           4  startup_stm32f10x_hd.o(RESET)
    __Vectors_End                            0x08000130   Data           0  startup_stm32f10x_hd.o(RESET)
    __main                                   0x08000131   Thumb Code     8  __main.o(!!!main)
    __scatterload                            0x08000139   Thumb Code     0  __scatter.o(!!!scatter)
    __scatterload_rt2                        0x08000139   Thumb Code    44  __scatter.o(!!!scatter)
    __scatterload_rt2_thumb_only             0x08000139   Thumb Code     0  __scatter.o(!!!scatter)
    __scatterload_null                       0x08000147   Thumb Code     0  __scatter.o(!!!scatter)
    __decompress                             0x0800016d   Thumb Code    90  __dczerorl2.o(!!dczerorl2)
    __decompress1                            0x0800016d   Thumb Code     0  __dczerorl2.o(!!dczerorl2)
    __scatterload_zeroinit                   0x080001c9   Thumb Code    28  __scatter_zi.o(!!handler_zi)
    _printf_f                                0x080001e5   Thumb Code     0  _printf_f.o(.ARM.Collect$$_printf_percent$$00000003)
    _printf_percent                          0x080001e5   Thumb Code     0  _printf_percent.o(.ARM.Collect$$_printf_percent$$00000000)
    _printf_percent_end                      0x080001eb   Thumb Code     0  _printf_percent_end.o(.ARM.Collect$$_printf_percent$$00000017)
    __rt_lib_init                            0x080001ef   Thumb Code     0  libinit.o(.ARM.Collect$$libinit$$00000000)
    __rt_lib_init_fp_1                       0x080001f1   Thumb Code     0  libinit2.o(.ARM.Collect$$libinit$$00000002)
    __rt_lib_init_heap_1                     0x080001f1   Thumb Code     0  libinit2.o(.ARM.Collect$$libinit$$0000000A)
    __rt_lib_init_lc_common                  0x080001f1   Thumb Code     0  libinit2.o(.ARM.Collect$$libinit$$0000000F)
    __rt_lib_init_preinit_1                  0x080001f1   Thumb Code     0  libinit2.o(.ARM.Collect$$libinit$$00000004)
    __rt_lib_init_rand_1                     0x080001f1   Thumb Code     0  libinit2.o(.ARM.Collect$$libinit$$0000000E)
    __rt_lib_init_user_alloc_1               0x080001f1   Thumb Code     0  libinit2.o(.ARM.Collect$$libinit$$0000000C)
    __rt_lib_init_lc_collate_1               0x080001f7   Thumb Code     0  libinit2.o(.ARM.Collect$$libinit$$00000011)
    __rt_lib_init_lc_ctype_1                 0x080001f7   Thumb Code     0  libinit2.o(.ARM.Collect$$libinit$$00000013)
    __rt_lib_init_lc_monetary_1              0x080001f7   Thumb Code     0  libinit2.o(.ARM.Collect$$libinit$$00000015)
    __rt_lib_init_lc_numeric_2               0x080001f7   Thumb Code     0  libinit2.o(.ARM.Collect$$libinit$$00000016)
    __rt_lib_init_alloca_1                   0x08000201   Thumb Code     0  libinit2.o(.ARM.Collect$$libinit$$0000002E)
    __rt_lib_init_argv_1                     0x08000201   Thumb Code     0  libinit2.o(.ARM.Collect$$libinit$$0000002C)
    __rt_lib_init_atexit_1                   0x08000201   Thumb Code     0  libinit2.o(.ARM.Collect$$libinit$$0000001B)
    __rt_lib_init_clock_1                    0x08000201   Thumb Code     0  libinit2.o(.ARM.Collect$$libinit$$00000021)
    __rt_lib_init_cpp_1                      0x08000201   Thumb Code     0  libinit2.o(.ARM.Collect$$libinit$$00000032)
    __rt_lib_init_exceptions_1               0x08000201   Thumb Code     0  libinit2.o(.ARM.Collect$$libinit$$00000030)
    __rt_lib_init_fp_trap_1                  0x08000201   Thumb Code     0  libinit2.o(.ARM.Collect$$libinit$$0000001F)
    __rt_lib_init_getenv_1                   0x08000201   Thumb Code     0  libinit2.o(.ARM.Collect$$libinit$$00000023)
    __rt_lib_init_lc_numeric_1               0x08000201   Thumb Code     0  libinit2.o(.ARM.Collect$$libinit$$00000017)
    __rt_lib_init_lc_time_1                  0x08000201   Thumb Code     0  libinit2.o(.ARM.Collect$$libinit$$00000019)
    __rt_lib_init_return                     0x08000201   Thumb Code     0  libinit2.o(.ARM.Collect$$libinit$$00000033)
    __rt_lib_init_signal_1                   0x08000201   Thumb Code     0  libinit2.o(.ARM.Collect$$libinit$$0000001D)
    __rt_lib_init_stdio_1                    0x08000201   Thumb Code     0  libinit2.o(.ARM.Collect$$libinit$$00000025)
    __rt_lib_shutdown                        0x08000203   Thumb Code     0  libshutdown.o(.ARM.Collect$$libshutdown$$00000000)
    __rt_lib_shutdown_fp_trap_1              0x08000205   Thumb Code     0  libshutdown2.o(.ARM.Collect$$libshutdown$$00000006)
    __rt_lib_shutdown_heap_1                 0x08000205   Thumb Code     0  libshutdown2.o(.ARM.Collect$$libshutdown$$0000000E)
    __rt_lib_shutdown_return                 0x08000205   Thumb Code     0  libshutdown2.o(.ARM.Collect$$libshutdown$$0000000F)
    __rt_lib_shutdown_signal_1               0x08000205   Thumb Code     0  libshutdown2.o(.ARM.Collect$$libshutdown$$00000009)
    __rt_lib_shutdown_stdio_1                0x08000205   Thumb Code     0  libshutdown2.o(.ARM.Collect$$libshutdown$$00000003)
    __rt_lib_shutdown_user_alloc_1           0x08000205   Thumb Code     0  libshutdown2.o(.ARM.Collect$$libshutdown$$0000000B)
    __rt_entry                               0x08000207   Thumb Code     0  __rtentry.o(.ARM.Collect$$rtentry$$00000000)
    __rt_entry_presh_1                       0x08000207   Thumb Code     0  __rtentry2.o(.ARM.Collect$$rtentry$$00000002)
    __rt_entry_sh                            0x08000207   Thumb Code     0  __rtentry4.o(.ARM.Collect$$rtentry$$00000004)
    __rt_entry_li                            0x0800020d   Thumb Code     0  __rtentry2.o(.ARM.Collect$$rtentry$$0000000A)
    __rt_entry_postsh_1                      0x0800020d   Thumb Code     0  __rtentry2.o(.ARM.Collect$$rtentry$$00000009)
    __rt_entry_main                          0x08000211   Thumb Code     0  __rtentry2.o(.ARM.Collect$$rtentry$$0000000D)
    __rt_entry_postli_1                      0x08000211   Thumb Code     0  __rtentry2.o(.ARM.Collect$$rtentry$$0000000C)
    __rt_exit                                0x08000219   Thumb Code     0  rtexit.o(.ARM.Collect$$rtexit$$00000000)
    __rt_exit_ls                             0x0800021b   Thumb Code     0  rtexit2.o(.ARM.Collect$$rtexit$$00000003)
    __rt_exit_prels_1                        0x0800021b   Thumb Code     0  rtexit2.o(.ARM.Collect$$rtexit$$00000002)
    __rt_exit_exit                           0x0800021f   Thumb Code     0  rtexit2.o(.ARM.Collect$$rtexit$$00000004)
    main                                     0x08000225   Thumb Code   746  main.o(.text)
    NMI_Handler                              0x080005c1   Thumb Code     2  stm32f10x_it.o(.text)
    HardFault_Handler                        0x080005c3   Thumb Code     4  stm32f10x_it.o(.text)
    MemManage_Handler                        0x080005c7   Thumb Code     4  stm32f10x_it.o(.text)
    BusFault_Handler                         0x080005cb   Thumb Code     4  stm32f10x_it.o(.text)
    UsageFault_Handler                       0x080005cf   Thumb Code     4  stm32f10x_it.o(.text)
    SVC_Handler                              0x080005d3   Thumb Code     2  stm32f10x_it.o(.text)
    DebugMon_Handler                         0x080005d5   Thumb Code     2  stm32f10x_it.o(.text)
    PendSV_Handler                           0x080005d7   Thumb Code     2  stm32f10x_it.o(.text)
    SysTick_Handler                          0x080005d9   Thumb Code     2  stm32f10x_it.o(.text)
    SystemInit                               0x080006bb   Thumb Code    78  system_stm32f10x.o(.text)
    SystemCoreClockUpdate                    0x08000709   Thumb Code   142  system_stm32f10x.o(.text)
    KEY_GPIO_Config                          0x080007bd   Thumb Code    48  lt_key.o(.text)
    Single_Key_Scan                          0x080007ed   Thumb Code    58  lt_key.o(.text)
    Group_Key_Scan                           0x08000827   Thumb Code    74  lt_key.o(.text)
    LED_GPIO_Config                          0x08000879   Thumb Code    84  lt_led.o(.text)
    IIC_start                                0x080008d5   Thumb Code    44  lt_oled.o(.text)
    IIC_stop                                 0x08000901   Thumb Code    34  lt_oled.o(.text)
    IIC_wait_ack                             0x08000923   Thumb Code    24  lt_oled.o(.text)
    Write_IIC_Byte                           0x0800093b   Thumb Code    88  lt_oled.o(.text)
    Write_IIC_Command                        0x08000993   Thumb Code    44  lt_oled.o(.text)
    Write_IIC_Data                           0x080009bf   Thumb Code    44  lt_oled.o(.text)
    OLED_WR_Byte                             0x080009eb   Thumb Code    24  lt_oled.o(.text)
    fill_picture                             0x08000a03   Thumb Code    64  lt_oled.o(.text)
    Delay_50ms                               0x08000a43   Thumb Code    22  lt_oled.o(.text)
    Delay_1ms                                0x08000a59   Thumb Code    26  lt_oled.o(.text)
    OLED_Set_Pos                             0x08000a73   Thumb Code    40  lt_oled.o(.text)
    OLED_Display_On                          0x08000a9b   Thumb Code    28  lt_oled.o(.text)
    OLED_Display_Off                         0x08000ab7   Thumb Code    28  lt_oled.o(.text)
    OLED_Clear                               0x08000ad3   Thumb Code    62  lt_oled.o(.text)
    OLED_On                                  0x08000b11   Thumb Code    62  lt_oled.o(.text)
    OLED_ShowChar                            0x08000b4f   Thumb Code   154  lt_oled.o(.text)
    oled_pow                                 0x08000be9   Thumb Code    22  lt_oled.o(.text)
    OLED_ShowNum                             0x08000bff   Thumb Code   136  lt_oled.o(.text)
    OLED_ShowString                          0x08000c87   Thumb Code    70  lt_oled.o(.text)
    OLED_ShowCHinese                         0x08000ccd   Thumb Code    98  lt_oled.o(.text)
    OLED_DrawBMP                             0x08000d2f   Thumb Code   118  lt_oled.o(.text)
    OLED_Init                                0x08000da5   Thumb Code   320  lt_oled.o(.text)
    TIM3_Int_Init                            0x08000eed   Thumb Code    94  lt_timer.o(.text)
    TIM3_IRQHandler                          0x08000f4b   Thumb Code    40  lt_timer.o(.text)
    FDC2214_Write16                          0x08000f81   Thumb Code    68  lt_fdc2214.o(.text)
    FDC2214_Read16                           0x08000fc5   Thumb Code    76  lt_fdc2214.o(.text)
    FDC2214_GetChannelData                   0x08001011   Thumb Code   146  lt_fdc2214.o(.text)
    FDC2214_SetRcount                        0x080010a3   Thumb Code    82  lt_fdc2214.o(.text)
    FDC2214_SetSettleCount                   0x080010f5   Thumb Code    74  lt_fdc2214.o(.text)
    FDC2214_SetChannelClock                  0x0800113f   Thumb Code   132  lt_fdc2214.o(.text)
    FDC2214_SetINTB                          0x080011c3   Thumb Code    72  lt_fdc2214.o(.text)
    FDC2214_SetActiveChannel                 0x0800120b   Thumb Code    42  lt_fdc2214.o(.text)
    FDC2214_SetSleepMode                     0x08001235   Thumb Code    40  lt_fdc2214.o(.text)
    FDC2214_SetCurrentMode                   0x0800125d   Thumb Code    40  lt_fdc2214.o(.text)
    FDC2214_SetClockSource                   0x08001285   Thumb Code    40  lt_fdc2214.o(.text)
    FDC2214_SetHighCurrentMode               0x080012ad   Thumb Code    40  lt_fdc2214.o(.text)
    FDC2214_SetMUX_CONFIG                    0x080012d5   Thumb Code    48  lt_fdc2214.o(.text)
    FDC2214_Reset                            0x08001305   Thumb Code    16  lt_fdc2214.o(.text)
    FDC2214_SetDriveCurrent                  0x08001315   Thumb Code    84  lt_fdc2214.o(.text)
    FDC2214_CalculateFrequency               0x08001369   Thumb Code    90  lt_fdc2214.o(.text)
    FDC2214_CalculateCapacitance             0x080013c3   Thumb Code   126  lt_fdc2214.o(.text)
    FDC2214_Init                             0x08001441   Thumb Code   224  lt_fdc2214.o(.text)
    filterread                               0x08001521   Thumb Code   164  lt_fdc2214.o(.text)
    getcap                                   0x080015c5   Thumb Code   334  lt_fdc2214.o(.text)
    FDC2214_SDA_IN                           0x08001729   Thumb Code    30  lt_fdc2214_iic.o(.text)
    FDC2214_SDA_OUT                          0x08001747   Thumb Code    30  lt_fdc2214_iic.o(.text)
    FDC2214_IIC_Init                         0x08001765   Thumb Code    96  lt_fdc2214_iic.o(.text)
    delay_2us                                0x080017c5   Thumb Code   140  lt_fdc2214_iic.o(.text)
    FDC2214_IIC_Start                        0x08001851   Thumb Code    46  lt_fdc2214_iic.o(.text)
    FDC2214_IIC_Stop                         0x0800187f   Thumb Code    56  lt_fdc2214_iic.o(.text)
    FDC2214_IIC_Wait_Ack                     0x080018b7   Thumb Code    68  lt_fdc2214_iic.o(.text)
    FDC2214_IIC_Ack                          0x080018fb   Thumb Code    56  lt_fdc2214_iic.o(.text)
    FDC2214_IIC_NAck                         0x08001933   Thumb Code    56  lt_fdc2214_iic.o(.text)
    FDC2214_IIC_Send_Byte                    0x0800196b   Thumb Code    68  lt_fdc2214_iic.o(.text)
    FDC2214_IIC_Read_Byte                    0x080019af   Thumb Code    92  lt_fdc2214_iic.o(.text)
    delay_init                               0x08001a19   Thumb Code    50  delay.o(.text)
    delay_us                                 0x08001a4b   Thumb Code    72  delay.o(.text)
    delay_ms                                 0x08001a93   Thumb Code    72  delay.o(.text)
    _sys_exit                                0x08001aed   Thumb Code     6  usart.o(.text)
    fputc                                    0x08001af3   Thumb Code    24  usart.o(.text)
    uart_init                                0x08001b0b   Thumb Code   160  usart.o(.text)
    uart1_send_buff                          0x08001bab   Thumb Code    56  usart.o(.text)
    uart2_init                               0x08001be3   Thumb Code   174  usart.o(.text)
    uart2_send_buff                          0x08001c91   Thumb Code    56  usart.o(.text)
    USART1_IRQHandler                        0x08001cc9   Thumb Code   122  usart.o(.text)
    Reset_Handler                            0x08001d5d   Thumb Code     8  startup_stm32f10x_hd.o(.text)
    ADC1_2_IRQHandler                        0x08001d77   Thumb Code     0  startup_stm32f10x_hd.o(.text)
    ADC3_IRQHandler                          0x08001d77   Thumb Code     0  startup_stm32f10x_hd.o(.text)
    CAN1_RX1_IRQHandler                      0x08001d77   Thumb Code     0  startup_stm32f10x_hd.o(.text)
    CAN1_SCE_IRQHandler                      0x08001d77   Thumb Code     0  startup_stm32f10x_hd.o(.text)
    DMA1_Channel1_IRQHandler                 0x08001d77   Thumb Code     0  startup_stm32f10x_hd.o(.text)
    DMA1_Channel2_IRQHandler                 0x08001d77   Thumb Code     0  startup_stm32f10x_hd.o(.text)
    DMA1_Channel3_IRQHandler                 0x08001d77   Thumb Code     0  startup_stm32f10x_hd.o(.text)
    DMA1_Channel4_IRQHandler                 0x08001d77   Thumb Code     0  startup_stm32f10x_hd.o(.text)
    DMA1_Channel5_IRQHandler                 0x08001d77   Thumb Code     0  startup_stm32f10x_hd.o(.text)
    DMA1_Channel6_IRQHandler                 0x08001d77   Thumb Code     0  startup_stm32f10x_hd.o(.text)
    DMA1_Channel7_IRQHandler                 0x08001d77   Thumb Code     0  startup_stm32f10x_hd.o(.text)
    DMA2_Channel1_IRQHandler                 0x08001d77   Thumb Code     0  startup_stm32f10x_hd.o(.text)
    DMA2_Channel2_IRQHandler                 0x08001d77   Thumb Code     0  startup_stm32f10x_hd.o(.text)
    DMA2_Channel3_IRQHandler                 0x08001d77   Thumb Code     0  startup_stm32f10x_hd.o(.text)
    DMA2_Channel4_5_IRQHandler               0x08001d77   Thumb Code     0  startup_stm32f10x_hd.o(.text)
    EXTI0_IRQHandler                         0x08001d77   Thumb Code     0  startup_stm32f10x_hd.o(.text)
    EXTI15_10_IRQHandler                     0x08001d77   Thumb Code     0  startup_stm32f10x_hd.o(.text)
    EXTI1_IRQHandler                         0x08001d77   Thumb Code     0  startup_stm32f10x_hd.o(.text)
    EXTI2_IRQHandler                         0x08001d77   Thumb Code     0  startup_stm32f10x_hd.o(.text)
    EXTI3_IRQHandler                         0x08001d77   Thumb Code     0  startup_stm32f10x_hd.o(.text)
    EXTI4_IRQHandler                         0x08001d77   Thumb Code     0  startup_stm32f10x_hd.o(.text)
    EXTI9_5_IRQHandler                       0x08001d77   Thumb Code     0  startup_stm32f10x_hd.o(.text)
    FLASH_IRQHandler                         0x08001d77   Thumb Code     0  startup_stm32f10x_hd.o(.text)
    FSMC_IRQHandler                          0x08001d77   Thumb Code     0  startup_stm32f10x_hd.o(.text)
    I2C1_ER_IRQHandler                       0x08001d77   Thumb Code     0  startup_stm32f10x_hd.o(.text)
    I2C1_EV_IRQHandler                       0x08001d77   Thumb Code     0  startup_stm32f10x_hd.o(.text)
    I2C2_ER_IRQHandler                       0x08001d77   Thumb Code     0  startup_stm32f10x_hd.o(.text)
    I2C2_EV_IRQHandler                       0x08001d77   Thumb Code     0  startup_stm32f10x_hd.o(.text)
    PVD_IRQHandler                           0x08001d77   Thumb Code     0  startup_stm32f10x_hd.o(.text)
    RCC_IRQHandler                           0x08001d77   Thumb Code     0  startup_stm32f10x_hd.o(.text)
    RTCAlarm_IRQHandler                      0x08001d77   Thumb Code     0  startup_stm32f10x_hd.o(.text)
    RTC_IRQHandler                           0x08001d77   Thumb Code     0  startup_stm32f10x_hd.o(.text)
    SDIO_IRQHandler                          0x08001d77   Thumb Code     0  startup_stm32f10x_hd.o(.text)
    SPI1_IRQHandler                          0x08001d77   Thumb Code     0  startup_stm32f10x_hd.o(.text)
    SPI2_IRQHandler                          0x08001d77   Thumb Code     0  startup_stm32f10x_hd.o(.text)
    SPI3_IRQHandler                          0x08001d77   Thumb Code     0  startup_stm32f10x_hd.o(.text)
    TAMPER_IRQHandler                        0x08001d77   Thumb Code     0  startup_stm32f10x_hd.o(.text)
    TIM1_BRK_IRQHandler                      0x08001d77   Thumb Code     0  startup_stm32f10x_hd.o(.text)
    TIM1_CC_IRQHandler                       0x08001d77   Thumb Code     0  startup_stm32f10x_hd.o(.text)
    TIM1_TRG_COM_IRQHandler                  0x08001d77   Thumb Code     0  startup_stm32f10x_hd.o(.text)
    TIM1_UP_IRQHandler                       0x08001d77   Thumb Code     0  startup_stm32f10x_hd.o(.text)
    TIM2_IRQHandler                          0x08001d77   Thumb Code     0  startup_stm32f10x_hd.o(.text)
    TIM4_IRQHandler                          0x08001d77   Thumb Code     0  startup_stm32f10x_hd.o(.text)
    TIM5_IRQHandler                          0x08001d77   Thumb Code     0  startup_stm32f10x_hd.o(.text)
    TIM6_IRQHandler                          0x08001d77   Thumb Code     0  startup_stm32f10x_hd.o(.text)
    TIM7_IRQHandler                          0x08001d77   Thumb Code     0  startup_stm32f10x_hd.o(.text)
    TIM8_BRK_IRQHandler                      0x08001d77   Thumb Code     0  startup_stm32f10x_hd.o(.text)
    TIM8_CC_IRQHandler                       0x08001d77   Thumb Code     0  startup_stm32f10x_hd.o(.text)
    TIM8_TRG_COM_IRQHandler                  0x08001d77   Thumb Code     0  startup_stm32f10x_hd.o(.text)
    TIM8_UP_IRQHandler                       0x08001d77   Thumb Code     0  startup_stm32f10x_hd.o(.text)
    UART4_IRQHandler                         0x08001d77   Thumb Code     0  startup_stm32f10x_hd.o(.text)
    UART5_IRQHandler                         0x08001d77   Thumb Code     0  startup_stm32f10x_hd.o(.text)
    USART2_IRQHandler                        0x08001d77   Thumb Code     0  startup_stm32f10x_hd.o(.text)
    USART3_IRQHandler                        0x08001d77   Thumb Code     0  startup_stm32f10x_hd.o(.text)
    USBWakeUp_IRQHandler                     0x08001d77   Thumb Code     0  startup_stm32f10x_hd.o(.text)
    USB_HP_CAN1_TX_IRQHandler                0x08001d77   Thumb Code     0  startup_stm32f10x_hd.o(.text)
    USB_LP_CAN1_RX0_IRQHandler               0x08001d77   Thumb Code     0  startup_stm32f10x_hd.o(.text)
    WWDG_IRQHandler                          0x08001d77   Thumb Code     0  startup_stm32f10x_hd.o(.text)
    __user_initial_stackheap                 0x08001d79   Thumb Code     0  startup_stm32f10x_hd.o(.text)
    NVIC_PriorityGroupConfig                 0x08001d9d   Thumb Code    10  misc.o(.text)
    NVIC_Init                                0x08001da7   Thumb Code   100  misc.o(.text)
    NVIC_SetVectorTable                      0x08001e0b   Thumb Code    14  misc.o(.text)
    NVIC_SystemLPConfig                      0x08001e19   Thumb Code    34  misc.o(.text)
    SysTick_CLKSourceConfig                  0x08001e3b   Thumb Code    40  misc.o(.text)
    GPIO_DeInit                              0x08001e79   Thumb Code   172  stm32f10x_gpio.o(.text)
    GPIO_AFIODeInit                          0x08001f25   Thumb Code    20  stm32f10x_gpio.o(.text)
    GPIO_Init                                0x08001f39   Thumb Code   278  stm32f10x_gpio.o(.text)
    GPIO_StructInit                          0x0800204f   Thumb Code    16  stm32f10x_gpio.o(.text)
    GPIO_ReadInputDataBit                    0x0800205f   Thumb Code    18  stm32f10x_gpio.o(.text)
    GPIO_ReadInputData                       0x08002071   Thumb Code     8  stm32f10x_gpio.o(.text)
    GPIO_ReadOutputDataBit                   0x08002079   Thumb Code    18  stm32f10x_gpio.o(.text)
    GPIO_ReadOutputData                      0x0800208b   Thumb Code     8  stm32f10x_gpio.o(.text)
    GPIO_SetBits                             0x08002093   Thumb Code     4  stm32f10x_gpio.o(.text)
    GPIO_ResetBits                           0x08002097   Thumb Code     4  stm32f10x_gpio.o(.text)
    GPIO_WriteBit                            0x0800209b   Thumb Code    10  stm32f10x_gpio.o(.text)
    GPIO_Write                               0x080020a5   Thumb Code     4  stm32f10x_gpio.o(.text)
    GPIO_PinLockConfig                       0x080020a9   Thumb Code    18  stm32f10x_gpio.o(.text)
    GPIO_EventOutputConfig                   0x080020bb   Thumb Code    26  stm32f10x_gpio.o(.text)
    GPIO_EventOutputCmd                      0x080020d5   Thumb Code     6  stm32f10x_gpio.o(.text)
    GPIO_PinRemapConfig                      0x080020db   Thumb Code   138  stm32f10x_gpio.o(.text)
    GPIO_EXTILineConfig                      0x08002165   Thumb Code    66  stm32f10x_gpio.o(.text)
    GPIO_ETH_MediaInterfaceConfig            0x080021a7   Thumb Code     8  stm32f10x_gpio.o(.text)
    RCC_DeInit                               0x080021d5   Thumb Code    64  stm32f10x_rcc.o(.text)
    RCC_HSEConfig                            0x08002215   Thumb Code    70  stm32f10x_rcc.o(.text)
    RCC_GetFlagStatus                        0x0800225b   Thumb Code    56  stm32f10x_rcc.o(.text)
    RCC_WaitForHSEStartUp                    0x08002293   Thumb Code    56  stm32f10x_rcc.o(.text)
    RCC_AdjustHSICalibrationValue            0x080022cb   Thumb Code    20  stm32f10x_rcc.o(.text)
    RCC_HSICmd                               0x080022df   Thumb Code     6  stm32f10x_rcc.o(.text)
    RCC_PLLConfig                            0x080022e5   Thumb Code    24  stm32f10x_rcc.o(.text)
    RCC_PLLCmd                               0x080022fd   Thumb Code     6  stm32f10x_rcc.o(.text)
    RCC_SYSCLKConfig                         0x08002303   Thumb Code    18  stm32f10x_rcc.o(.text)
    RCC_GetSYSCLKSource                      0x08002315   Thumb Code    10  stm32f10x_rcc.o(.text)
    RCC_HCLKConfig                           0x0800231f   Thumb Code    18  stm32f10x_rcc.o(.text)
    RCC_PCLK1Config                          0x08002331   Thumb Code    18  stm32f10x_rcc.o(.text)
    RCC_PCLK2Config                          0x08002343   Thumb Code    20  stm32f10x_rcc.o(.text)
    RCC_ITConfig                             0x08002357   Thumb Code    26  stm32f10x_rcc.o(.text)
    RCC_USBCLKConfig                         0x08002371   Thumb Code     8  stm32f10x_rcc.o(.text)
    RCC_ADCCLKConfig                         0x08002379   Thumb Code    18  stm32f10x_rcc.o(.text)
    RCC_LSEConfig                            0x0800238b   Thumb Code    50  stm32f10x_rcc.o(.text)
    RCC_LSICmd                               0x080023bd   Thumb Code     6  stm32f10x_rcc.o(.text)
    RCC_RTCCLKConfig                         0x080023c3   Thumb Code    12  stm32f10x_rcc.o(.text)
    RCC_RTCCLKCmd                            0x080023cf   Thumb Code     8  stm32f10x_rcc.o(.text)
    RCC_GetClocksFreq                        0x080023d7   Thumb Code   192  stm32f10x_rcc.o(.text)
    RCC_AHBPeriphClockCmd                    0x08002497   Thumb Code    26  stm32f10x_rcc.o(.text)
    RCC_APB2PeriphClockCmd                   0x080024b1   Thumb Code    26  stm32f10x_rcc.o(.text)
    RCC_APB1PeriphClockCmd                   0x080024cb   Thumb Code    26  stm32f10x_rcc.o(.text)
    RCC_APB2PeriphResetCmd                   0x080024e5   Thumb Code    26  stm32f10x_rcc.o(.text)
    RCC_APB1PeriphResetCmd                   0x080024ff   Thumb Code    26  stm32f10x_rcc.o(.text)
    RCC_BackupResetCmd                       0x08002519   Thumb Code     8  stm32f10x_rcc.o(.text)
    RCC_ClockSecuritySystemCmd               0x08002521   Thumb Code     6  stm32f10x_rcc.o(.text)
    RCC_MCOConfig                            0x08002527   Thumb Code     6  stm32f10x_rcc.o(.text)
    RCC_ClearFlag                            0x0800252d   Thumb Code    14  stm32f10x_rcc.o(.text)
    RCC_GetITStatus                          0x0800253b   Thumb Code    20  stm32f10x_rcc.o(.text)
    RCC_ClearITPendingBit                    0x0800254f   Thumb Code     6  stm32f10x_rcc.o(.text)
    USART_DeInit                             0x08002579   Thumb Code   134  stm32f10x_usart.o(.text)
    USART_Init                               0x080025ff   Thumb Code   210  stm32f10x_usart.o(.text)
    USART_StructInit                         0x080026d1   Thumb Code    24  stm32f10x_usart.o(.text)
    USART_ClockInit                          0x080026e9   Thumb Code    34  stm32f10x_usart.o(.text)
    USART_ClockStructInit                    0x0800270b   Thumb Code    12  stm32f10x_usart.o(.text)
    USART_Cmd                                0x08002717   Thumb Code    24  stm32f10x_usart.o(.text)
    USART_ITConfig                           0x0800272f   Thumb Code    74  stm32f10x_usart.o(.text)
    USART_DMACmd                             0x08002779   Thumb Code    18  stm32f10x_usart.o(.text)
    USART_SetAddress                         0x0800278b   Thumb Code    18  stm32f10x_usart.o(.text)
    USART_WakeUpConfig                       0x0800279d   Thumb Code    18  stm32f10x_usart.o(.text)
    USART_ReceiverWakeUpCmd                  0x080027af   Thumb Code    24  stm32f10x_usart.o(.text)
    USART_LINBreakDetectLengthConfig         0x080027c7   Thumb Code    18  stm32f10x_usart.o(.text)
    USART_LINCmd                             0x080027d9   Thumb Code    24  stm32f10x_usart.o(.text)
    USART_SendData                           0x080027f1   Thumb Code     8  stm32f10x_usart.o(.text)
    USART_ReceiveData                        0x080027f9   Thumb Code    10  stm32f10x_usart.o(.text)
    USART_SendBreak                          0x08002803   Thumb Code    10  stm32f10x_usart.o(.text)
    USART_SetGuardTime                       0x0800280d   Thumb Code    16  stm32f10x_usart.o(.text)
    USART_SetPrescaler                       0x0800281d   Thumb Code    16  stm32f10x_usart.o(.text)
    USART_SmartCardCmd                       0x0800282d   Thumb Code    24  stm32f10x_usart.o(.text)
    USART_SmartCardNACKCmd                   0x08002845   Thumb Code    24  stm32f10x_usart.o(.text)
    USART_HalfDuplexCmd                      0x0800285d   Thumb Code    24  stm32f10x_usart.o(.text)
    USART_OverSampling8Cmd                   0x08002875   Thumb Code    22  stm32f10x_usart.o(.text)
    USART_OneBitMethodCmd                    0x0800288b   Thumb Code    24  stm32f10x_usart.o(.text)
    USART_IrDAConfig                         0x080028a3   Thumb Code    18  stm32f10x_usart.o(.text)
    USART_IrDACmd                            0x080028b5   Thumb Code    24  stm32f10x_usart.o(.text)
    USART_GetFlagStatus                      0x080028cd   Thumb Code    26  stm32f10x_usart.o(.text)
    USART_ClearFlag                          0x080028e7   Thumb Code    18  stm32f10x_usart.o(.text)
    USART_GetITStatus                        0x080028f9   Thumb Code    84  stm32f10x_usart.o(.text)
    USART_ClearITPendingBit                  0x0800294d   Thumb Code    52  stm32f10x_usart.o(.text)
    TIM_DeInit                               0x08002981   Thumb Code   424  stm32f10x_tim.o(.text)
    TIM_TimeBaseInit                         0x08002b29   Thumb Code   122  stm32f10x_tim.o(.text)
    TIM_OC1Init                              0x08002ba3   Thumb Code   132  stm32f10x_tim.o(.text)
    TIM_OC2Init                              0x08002c27   Thumb Code   154  stm32f10x_tim.o(.text)
    TIM_OC3Init                              0x08002cc1   Thumb Code   150  stm32f10x_tim.o(.text)
    TIM_OC4Init                              0x08002d57   Thumb Code   182  stm32f10x_tim.o(.text)
    TIM_SetIC4Prescaler                      0x08002e0d   Thumb Code    26  stm32f10x_tim.o(.text)
    TIM_SetIC3Prescaler                      0x08002ea9   Thumb Code    18  stm32f10x_tim.o(.text)
    TIM_SetIC2Prescaler                      0x08002f35   Thumb Code    26  stm32f10x_tim.o(.text)
    TIM_SetIC1Prescaler                      0x08002fd1   Thumb Code    18  stm32f10x_tim.o(.text)
    TIM_ICInit                               0x0800304f   Thumb Code   150  stm32f10x_tim.o(.text)
    TIM_PWMIConfig                           0x080030e5   Thumb Code   124  stm32f10x_tim.o(.text)
    TIM_BDTRConfig                           0x08003161   Thumb Code    32  stm32f10x_tim.o(.text)
    TIM_TimeBaseStructInit                   0x08003181   Thumb Code    18  stm32f10x_tim.o(.text)
    TIM_OCStructInit                         0x08003193   Thumb Code    20  stm32f10x_tim.o(.text)
    TIM_ICStructInit                         0x080031a7   Thumb Code    18  stm32f10x_tim.o(.text)
    TIM_BDTRStructInit                       0x080031b9   Thumb Code    40  stm32f10x_tim.o(.text)
    TIM_Cmd                                  0x080031e1   Thumb Code    24  stm32f10x_tim.o(.text)
    TIM_CtrlPWMOutputs                       0x080031f9   Thumb Code    30  stm32f10x_tim.o(.text)
    TIM_ITConfig                             0x08003217   Thumb Code    18  stm32f10x_tim.o(.text)
    TIM_GenerateEvent                        0x08003229   Thumb Code     4  stm32f10x_tim.o(.text)
    TIM_DMAConfig                            0x0800322d   Thumb Code    10  stm32f10x_tim.o(.text)
    TIM_DMACmd                               0x08003237   Thumb Code    18  stm32f10x_tim.o(.text)
    TIM_InternalClockConfig                  0x08003249   Thumb Code    12  stm32f10x_tim.o(.text)
    TIM_SelectInputTrigger                   0x08003255   Thumb Code    18  stm32f10x_tim.o(.text)
    TIM_ITRxExternalClockConfig              0x08003267   Thumb Code    24  stm32f10x_tim.o(.text)
    TIM_TIxExternalClockConfig               0x0800327f   Thumb Code    62  stm32f10x_tim.o(.text)
    TIM_ETRConfig                            0x080032bd   Thumb Code    28  stm32f10x_tim.o(.text)
    TIM_ETRClockMode1Config                  0x080032d9   Thumb Code    54  stm32f10x_tim.o(.text)
    TIM_ETRClockMode2Config                  0x0800330f   Thumb Code    32  stm32f10x_tim.o(.text)
    TIM_PrescalerConfig                      0x0800332f   Thumb Code     6  stm32f10x_tim.o(.text)
    TIM_CounterModeConfig                    0x08003335   Thumb Code    18  stm32f10x_tim.o(.text)
    TIM_EncoderInterfaceConfig               0x08003347   Thumb Code    66  stm32f10x_tim.o(.text)
    TIM_ForcedOC1Config                      0x08003389   Thumb Code    18  stm32f10x_tim.o(.text)
    TIM_ForcedOC2Config                      0x0800339b   Thumb Code    26  stm32f10x_tim.o(.text)
    TIM_ForcedOC3Config                      0x080033b5   Thumb Code    18  stm32f10x_tim.o(.text)
    TIM_ForcedOC4Config                      0x080033c7   Thumb Code    26  stm32f10x_tim.o(.text)
    TIM_ARRPreloadConfig                     0x080033e1   Thumb Code    24  stm32f10x_tim.o(.text)
    TIM_SelectCOM                            0x080033f9   Thumb Code    24  stm32f10x_tim.o(.text)
    TIM_SelectCCDMA                          0x08003411   Thumb Code    24  stm32f10x_tim.o(.text)
    TIM_CCPreloadControl                     0x08003429   Thumb Code    24  stm32f10x_tim.o(.text)
    TIM_OC1PreloadConfig                     0x08003441   Thumb Code    18  stm32f10x_tim.o(.text)
    TIM_OC2PreloadConfig                     0x08003453   Thumb Code    26  stm32f10x_tim.o(.text)
    TIM_OC3PreloadConfig                     0x0800346d   Thumb Code    18  stm32f10x_tim.o(.text)
    TIM_OC4PreloadConfig                     0x0800347f   Thumb Code    26  stm32f10x_tim.o(.text)
    TIM_OC1FastConfig                        0x08003499   Thumb Code    18  stm32f10x_tim.o(.text)
    TIM_OC2FastConfig                        0x080034ab   Thumb Code    26  stm32f10x_tim.o(.text)
    TIM_OC3FastConfig                        0x080034c5   Thumb Code    18  stm32f10x_tim.o(.text)
    TIM_OC4FastConfig                        0x080034d7   Thumb Code    26  stm32f10x_tim.o(.text)
    TIM_ClearOC1Ref                          0x080034f1   Thumb Code    18  stm32f10x_tim.o(.text)
    TIM_ClearOC2Ref                          0x08003503   Thumb Code    24  stm32f10x_tim.o(.text)
    TIM_ClearOC3Ref                          0x0800351b   Thumb Code    18  stm32f10x_tim.o(.text)
    TIM_ClearOC4Ref                          0x0800352d   Thumb Code    24  stm32f10x_tim.o(.text)
    TIM_OC1PolarityConfig                    0x08003545   Thumb Code    18  stm32f10x_tim.o(.text)
    TIM_OC1NPolarityConfig                   0x08003557   Thumb Code    18  stm32f10x_tim.o(.text)
    TIM_OC2PolarityConfig                    0x08003569   Thumb Code    26  stm32f10x_tim.o(.text)
    TIM_OC2NPolarityConfig                   0x08003583   Thumb Code    26  stm32f10x_tim.o(.text)
    TIM_OC3PolarityConfig                    0x0800359d   Thumb Code    26  stm32f10x_tim.o(.text)
    TIM_OC3NPolarityConfig                   0x080035b7   Thumb Code    26  stm32f10x_tim.o(.text)
    TIM_OC4PolarityConfig                    0x080035d1   Thumb Code    26  stm32f10x_tim.o(.text)
    TIM_CCxCmd                               0x080035eb   Thumb Code    30  stm32f10x_tim.o(.text)
    TIM_CCxNCmd                              0x08003609   Thumb Code    30  stm32f10x_tim.o(.text)
    TIM_SelectOCxM                           0x08003627   Thumb Code    82  stm32f10x_tim.o(.text)
    TIM_UpdateDisableConfig                  0x08003679   Thumb Code    24  stm32f10x_tim.o(.text)
    TIM_UpdateRequestConfig                  0x08003691   Thumb Code    24  stm32f10x_tim.o(.text)
    TIM_SelectHallSensor                     0x080036a9   Thumb Code    24  stm32f10x_tim.o(.text)
    TIM_SelectOnePulseMode                   0x080036c1   Thumb Code    18  stm32f10x_tim.o(.text)
    TIM_SelectOutputTrigger                  0x080036d3   Thumb Code    18  stm32f10x_tim.o(.text)
    TIM_SelectSlaveMode                      0x080036e5   Thumb Code    18  stm32f10x_tim.o(.text)
    TIM_SelectMasterSlaveMode                0x080036f7   Thumb Code    18  stm32f10x_tim.o(.text)
    TIM_SetCounter                           0x08003709   Thumb Code     4  stm32f10x_tim.o(.text)
    TIM_SetAutoreload                        0x0800370d   Thumb Code     4  stm32f10x_tim.o(.text)
    TIM_SetCompare1                          0x08003711   Thumb Code     4  stm32f10x_tim.o(.text)
    TIM_SetCompare2                          0x08003715   Thumb Code     4  stm32f10x_tim.o(.text)
    TIM_SetCompare3                          0x08003719   Thumb Code     4  stm32f10x_tim.o(.text)
    TIM_SetCompare4                          0x0800371d   Thumb Code     6  stm32f10x_tim.o(.text)
    TIM_SetClockDivision                     0x08003723   Thumb Code    18  stm32f10x_tim.o(.text)
    TIM_GetCapture1                          0x08003735   Thumb Code     6  stm32f10x_tim.o(.text)
    TIM_GetCapture2                          0x0800373b   Thumb Code     6  stm32f10x_tim.o(.text)
    TIM_GetCapture3                          0x08003741   Thumb Code     6  stm32f10x_tim.o(.text)
    TIM_GetCapture4                          0x08003747   Thumb Code     8  stm32f10x_tim.o(.text)
    TIM_GetCounter                           0x0800374f   Thumb Code     6  stm32f10x_tim.o(.text)
    TIM_GetPrescaler                         0x08003755   Thumb Code     6  stm32f10x_tim.o(.text)
    TIM_GetFlagStatus                        0x0800375b   Thumb Code    18  stm32f10x_tim.o(.text)
    TIM_ClearFlag                            0x0800376d   Thumb Code     6  stm32f10x_tim.o(.text)
    TIM_GetITStatus                          0x08003773   Thumb Code    34  stm32f10x_tim.o(.text)
    TIM_ClearITPendingBit                    0x08003795   Thumb Code     6  stm32f10x_tim.o(.text)
    __use_no_semihosting                     0x0800379b   Thumb Code     2  use_no_semi_2.o(.text)
    __2printf                                0x0800379d   Thumb Code    20  noretval__2printf.o(.text)
    _printf_pre_padding                      0x080037b5   Thumb Code    44  _printf_pad.o(.text)
    _printf_post_padding                     0x080037e1   Thumb Code    34  _printf_pad.o(.text)
    __printf                                 0x08003805   Thumb Code   308  __printf_flags_wp.o(.text)
    __use_two_region_memory                  0x0800393d   Thumb Code     2  heapauxi.o(.text)
    __rt_heap_escrow$2region                 0x0800393f   Thumb Code     2  heapauxi.o(.text)
    __rt_heap_expand$2region                 0x08003941   Thumb Code     2  heapauxi.o(.text)
    __I$use$semihosting                      0x08003943   Thumb Code     0  use_no_semi.o(.text)
    __use_no_semihosting_swi                 0x08003943   Thumb Code     2  use_no_semi.o(.text)
    __lib_sel_fp_printf                      0x08003945   Thumb Code     2  _printf_fp_dec.o(.text)
    _printf_fp_dec_real                      0x08003af3   Thumb Code   620  _printf_fp_dec.o(.text)
    _printf_char_common                      0x08003d6b   Thumb Code    32  _printf_char_common.o(.text)
    _printf_char_file                        0x08003d91   Thumb Code    32  _printf_char_file.o(.text)
    __rt_locale                              0x08003db5   Thumb Code     8  rt_locale_intlibspace.o(.text)
    _ll_udiv10                               0x08003dbd   Thumb Code   138  lludiv10.o(.text)
    _printf_fp_infnan                        0x08003e49   Thumb Code   112  _printf_fp_infnan.o(.text)
    _btod_etento                             0x08003ec9   Thumb Code   216  bigflt0.o(.text)
    ferror                                   0x08003fa5   Thumb Code     8  ferror.o(.text)
    __user_libspace                          0x08003fad   Thumb Code     8  libspace.o(.text)
    __user_perproc_libspace                  0x08003fad   Thumb Code     0  libspace.o(.text)
    __user_perthread_libspace                0x08003fad   Thumb Code     0  libspace.o(.text)
    __user_setup_stackheap                   0x08003fb5   Thumb Code    74  sys_stackheap_outer.o(.text)
    exit                                     0x08003fff   Thumb Code    12  exit.o(.text)
    strcmp                                   0x0800400d   Thumb Code   128  strcmpv7m.o(.text)
    _btod_d2e                                0x0800408d   Thumb Code    62  btod.o(CL$$btod_d2e)
    _d2e_denorm_low                          0x080040cb   Thumb Code    70  btod.o(CL$$btod_d2e_denorm_low)
    _d2e_norm_op1                            0x08004111   Thumb Code    96  btod.o(CL$$btod_d2e_norm_op1)
    __btod_div_common                        0x08004171   Thumb Code   696  btod.o(CL$$btod_div_common)
    _e2e                                     0x080044a9   Thumb Code   198  btod.o(CL$$btod_e2e)
    _btod_ediv                               0x0800456f   Thumb Code    40  btod.o(CL$$btod_ediv)
    _btod_emul                               0x08004597   Thumb Code    40  btod.o(CL$$btod_emul)
    __btod_mult_common                       0x080045bf   Thumb Code   580  btod.o(CL$$btod_mult_common)
    __ARM_fpclassify                         0x08004803   Thumb Code    40  fpclassify.o(i.__ARM_fpclassify)
    _is_digit                                0x0800482b   Thumb Code    14  __printf_wp.o(i._is_digit)
    _get_lc_numeric                          0x08004839   Thumb Code    44  lc_numeric_c.o(locale$$code)
    __aeabi_d2f                              0x08004865   Thumb Code     0  d2f.o(x$fpl$d2f)
    _d2f                                     0x08004865   Thumb Code    98  d2f.o(x$fpl$d2f)
    __aeabi_dadd                             0x080048c9   Thumb Code     0  daddsub_clz.o(x$fpl$dadd)
    _dadd                                    0x080048c9   Thumb Code   332  daddsub_clz.o(x$fpl$dadd)
    __aeabi_ddiv                             0x08004a19   Thumb Code     0  ddiv.o(x$fpl$ddiv)
    _ddiv                                    0x08004a19   Thumb Code   552  ddiv.o(x$fpl$ddiv)
    __aeabi_ui2d                             0x08004cc9   Thumb Code     0  dflt_clz.o(x$fpl$dfltu)
    _dfltu                                   0x08004cc9   Thumb Code    38  dflt_clz.o(x$fpl$dfltu)
    __aeabi_dmul                             0x08004cf1   Thumb Code     0  dmul.o(x$fpl$dmul)
    _dmul                                    0x08004cf1   Thumb Code   332  dmul.o(x$fpl$dmul)
    __fpl_dnaninf                            0x08004e45   Thumb Code   156  dnaninf.o(x$fpl$dnaninf)
    __fpl_dretinf                            0x08004ee1   Thumb Code    12  dretinf.o(x$fpl$dretinf)
    __aeabi_dsub                             0x08004eed   Thumb Code     0  daddsub_clz.o(x$fpl$dsub)
    _dsub                                    0x08004eed   Thumb Code   464  daddsub_clz.o(x$fpl$dsub)
    __aeabi_f2d                              0x080050c1   Thumb Code     0  f2d.o(x$fpl$f2d)
    _f2d                                     0x080050c1   Thumb Code    86  f2d.o(x$fpl$f2d)
    __aeabi_f2uiz                            0x08005119   Thumb Code     0  ffixu.o(x$fpl$ffixu)
    _ffixu                                   0x08005119   Thumb Code    62  ffixu.o(x$fpl$ffixu)
    __fpl_fnaninf                            0x08005157   Thumb Code   140  fnaninf.o(x$fpl$fnaninf)
    __fpl_fretinf                            0x080051e3   Thumb Code    10  fretinf.o(x$fpl$fretinf)
    _printf_fp_dec                           0x080051ed   Thumb Code     4  printf1.o(x$fpl$printf1)
    F6x8                                     0x080051f0   Data         552  lt_oled.o(.constdata)
    __I$use$fp                               0x080051f0   Number         0  usenofp.o(x$fpl$usenofp)
    F8X16                                    0x08005418   Data        1520  lt_oled.o(.constdata)
    Region$$Table$$Base                      0x08005ab0   Number         0  anon$$obj.o(Region$$Table)
    Region$$Table$$Limit                     0x08005ad0   Number         0  anon$$obj.o(Region$$Table)
    cap1                                     0x20000000   Data           4  main.o(.data)
    cap2                                     0x20000004   Data           4  main.o(.data)
    cap3                                     0x20000008   Data           4  main.o(.data)
    cap4                                     0x2000000c   Data           4  main.o(.data)
    SystemCoreClock                          0x20000010   Data           4  system_stm32f10x.o(.data)
    AHBPrescTable                            0x20000014   Data          16  system_stm32f10x.o(.data)
    Hzk                                      0x20000025   Data         640  lt_oled.o(.data)
    CHx_FIN_SEL                              0x200002a8   Data           4  lt_fdc2214.o(.data)
    ch0                                      0x200002ac   Data           4  lt_fdc2214.o(.data)
    ch1                                      0x200002b0   Data           4  lt_fdc2214.o(.data)
    ch2                                      0x200002b4   Data           4  lt_fdc2214.o(.data)
    ch3                                      0x200002b8   Data           4  lt_fdc2214.o(.data)
    __stdout                                 0x200002c0   Data           4  usart.o(.data)
    USART_RX_STA                             0x200002c4   Data           2  usart.o(.data)
    RecIndex                                 0x200002c6   Data           2  usart.o(.data)
    RecFlag                                  0x200002c8   Data           1  usart.o(.data)
    fREFx                                    0x200002e0   Data          32  lt_fdc2214.o(.bss)
    FRE                                      0x20000300   Data          32  lt_fdc2214.o(.bss)
    USART_RX_BUF                             0x20000320   Data         200  usart.o(.bss)
    __libspace_start                         0x200003e8   Data          96  libspace.o(.bss)
    __temporary_stack_top$libspace           0x20000448   Data           0  libspace.o(.bss)



==============================================================================

Memory Map of the image

  Image Entry point : 0x08000131

  Load Region LR_IROM1 (Base: 0x08000000, Size: 0x00005dcc, Max: 0x00010000, ABSOLUTE, COMPRESSED[0x00005c40])

    Execution Region ER_IROM1 (Base: 0x08000000, Size: 0x00005aec, Max: 0x00010000, ABSOLUTE)

    Base Addr    Size         Type   Attr      Idx    E Section Name        Object

    0x08000000   0x00000130   Data   RO          583    RESET               startup_stm32f10x_hd.o
    0x08000130   0x00000008   Code   RO          753  * !!!main             c_w.l(__main.o)
    0x08000138   0x00000034   Code   RO         1032    !!!scatter          c_w.l(__scatter.o)
    0x0800016c   0x0000005a   Code   RO         1030    !!dczerorl2         c_w.l(__dczerorl2.o)
    0x080001c6   0x00000002   PAD
    0x080001c8   0x0000001c   Code   RO         1034    !!handler_zi        c_w.l(__scatter_zi.o)
    0x080001e4   0x00000000   Code   RO          748    .ARM.Collect$$_printf_percent$$00000000  c_w.l(_printf_percent.o)
    0x080001e4   0x00000006   Code   RO          747    .ARM.Collect$$_printf_percent$$00000003  c_w.l(_printf_f.o)
    0x080001ea   0x00000004   Code   RO          814    .ARM.Collect$$_printf_percent$$00000017  c_w.l(_printf_percent_end.o)
    0x080001ee   0x00000002   Code   RO          908    .ARM.Collect$$libinit$$00000000  c_w.l(libinit.o)
    0x080001f0   0x00000000   Code   RO          910    .ARM.Collect$$libinit$$00000002  c_w.l(libinit2.o)
    0x080001f0   0x00000000   Code   RO          912    .ARM.Collect$$libinit$$00000004  c_w.l(libinit2.o)
    0x080001f0   0x00000000   Code   RO          915    .ARM.Collect$$libinit$$0000000A  c_w.l(libinit2.o)
    0x080001f0   0x00000000   Code   RO          917    .ARM.Collect$$libinit$$0000000C  c_w.l(libinit2.o)
    0x080001f0   0x00000000   Code   RO          919    .ARM.Collect$$libinit$$0000000E  c_w.l(libinit2.o)
    0x080001f0   0x00000006   Code   RO          920    .ARM.Collect$$libinit$$0000000F  c_w.l(libinit2.o)
    0x080001f6   0x00000000   Code   RO          922    .ARM.Collect$$libinit$$00000011  c_w.l(libinit2.o)
    0x080001f6   0x00000000   Code   RO          924    .ARM.Collect$$libinit$$00000013  c_w.l(libinit2.o)
    0x080001f6   0x00000000   Code   RO          926    .ARM.Collect$$libinit$$00000015  c_w.l(libinit2.o)
    0x080001f6   0x0000000a   Code   RO          927    .ARM.Collect$$libinit$$00000016  c_w.l(libinit2.o)
    0x08000200   0x00000000   Code   RO          928    .ARM.Collect$$libinit$$00000017  c_w.l(libinit2.o)
    0x08000200   0x00000000   Code   RO          930    .ARM.Collect$$libinit$$00000019  c_w.l(libinit2.o)
    0x08000200   0x00000000   Code   RO          932    .ARM.Collect$$libinit$$0000001B  c_w.l(libinit2.o)
    0x08000200   0x00000000   Code   RO          934    .ARM.Collect$$libinit$$0000001D  c_w.l(libinit2.o)
    0x08000200   0x00000000   Code   RO          936    .ARM.Collect$$libinit$$0000001F  c_w.l(libinit2.o)
    0x08000200   0x00000000   Code   RO          938    .ARM.Collect$$libinit$$00000021  c_w.l(libinit2.o)
    0x08000200   0x00000000   Code   RO          940    .ARM.Collect$$libinit$$00000023  c_w.l(libinit2.o)
    0x08000200   0x00000000   Code   RO          942    .ARM.Collect$$libinit$$00000025  c_w.l(libinit2.o)
    0x08000200   0x00000000   Code   RO          946    .ARM.Collect$$libinit$$0000002C  c_w.l(libinit2.o)
    0x08000200   0x00000000   Code   RO          948    .ARM.Collect$$libinit$$0000002E  c_w.l(libinit2.o)
    0x08000200   0x00000000   Code   RO          950    .ARM.Collect$$libinit$$00000030  c_w.l(libinit2.o)
    0x08000200   0x00000000   Code   RO          952    .ARM.Collect$$libinit$$00000032  c_w.l(libinit2.o)
    0x08000200   0x00000002   Code   RO          953    .ARM.Collect$$libinit$$00000033  c_w.l(libinit2.o)
    0x08000202   0x00000002   Code   RO          981    .ARM.Collect$$libshutdown$$00000000  c_w.l(libshutdown.o)
    0x08000204   0x00000000   Code   RO          991    .ARM.Collect$$libshutdown$$00000003  c_w.l(libshutdown2.o)
    0x08000204   0x00000000   Code   RO          994    .ARM.Collect$$libshutdown$$00000006  c_w.l(libshutdown2.o)
    0x08000204   0x00000000   Code   RO          997    .ARM.Collect$$libshutdown$$00000009  c_w.l(libshutdown2.o)
    0x08000204   0x00000000   Code   RO          999    .ARM.Collect$$libshutdown$$0000000B  c_w.l(libshutdown2.o)
    0x08000204   0x00000000   Code   RO         1002    .ARM.Collect$$libshutdown$$0000000E  c_w.l(libshutdown2.o)
    0x08000204   0x00000002   Code   RO         1003    .ARM.Collect$$libshutdown$$0000000F  c_w.l(libshutdown2.o)
    0x08000206   0x00000000   Code   RO          801    .ARM.Collect$$rtentry$$00000000  c_w.l(__rtentry.o)
    0x08000206   0x00000000   Code   RO          831    .ARM.Collect$$rtentry$$00000002  c_w.l(__rtentry2.o)
    0x08000206   0x00000006   Code   RO          843    .ARM.Collect$$rtentry$$00000004  c_w.l(__rtentry4.o)
    0x0800020c   0x00000000   Code   RO          833    .ARM.Collect$$rtentry$$00000009  c_w.l(__rtentry2.o)
    0x0800020c   0x00000004   Code   RO          834    .ARM.Collect$$rtentry$$0000000A  c_w.l(__rtentry2.o)
    0x08000210   0x00000000   Code   RO          836    .ARM.Collect$$rtentry$$0000000C  c_w.l(__rtentry2.o)
    0x08000210   0x00000008   Code   RO          837    .ARM.Collect$$rtentry$$0000000D  c_w.l(__rtentry2.o)
    0x08000218   0x00000002   Code   RO          954    .ARM.Collect$$rtexit$$00000000  c_w.l(rtexit.o)
    0x0800021a   0x00000000   Code   RO          961    .ARM.Collect$$rtexit$$00000002  c_w.l(rtexit2.o)
    0x0800021a   0x00000004   Code   RO          962    .ARM.Collect$$rtexit$$00000003  c_w.l(rtexit2.o)
    0x0800021e   0x00000006   Code   RO          963    .ARM.Collect$$rtexit$$00000004  c_w.l(rtexit2.o)
    0x08000224   0x0000039c   Code   RO            1    .text               main.o
    0x080005c0   0x0000001a   Code   RO          182    .text               stm32f10x_it.o
    0x080005da   0x00000002   PAD
    0x080005dc   0x000001e0   Code   RO          223    .text               system_stm32f10x.o
    0x080007bc   0x000000bc   Code   RO          241    .text               lt_key.o
    0x08000878   0x0000005c   Code   RO          254    .text               lt_led.o
    0x080008d4   0x00000618   Code   RO          365    .text               lt_oled.o
    0x08000eec   0x00000094   Code   RO          438    .text               lt_timer.o
    0x08000f80   0x000007a8   Code   RO          482    .text               lt_fdc2214.o
    0x08001728   0x000002f0   Code   RO          505    .text               lt_fdc2214_iic.o
    0x08001a18   0x000000d4   Code   RO          517    .text               delay.o
    0x08001aec   0x00000270   Code   RO          548    .text               usart.o
    0x08001d5c   0x00000040   Code   RO          584    .text               startup_stm32f10x_hd.o
    0x08001d9c   0x000000dc   Code   RO          588    .text               misc.o
    0x08001e78   0x0000035c   Code   RO          600    .text               stm32f10x_gpio.o
    0x080021d4   0x000003a4   Code   RO          612    .text               stm32f10x_rcc.o
    0x08002578   0x00000408   Code   RO          626    .text               stm32f10x_usart.o
    0x08002980   0x00000e1a   Code   RO          662    .text               stm32f10x_tim.o
    0x0800379a   0x00000002   Code   RO          688    .text               c_w.l(use_no_semi_2.o)
    0x0800379c   0x00000018   Code   RO          694    .text               c_w.l(noretval__2printf.o)
    0x080037b4   0x0000004e   Code   RO          700    .text               c_w.l(_printf_pad.o)
    0x08003802   0x00000002   PAD
    0x08003804   0x00000138   Code   RO          737    .text               c_w.l(__printf_flags_wp.o)
    0x0800393c   0x00000006   Code   RO          751    .text               c_w.l(heapauxi.o)
    0x08003942   0x00000002   Code   RO          799    .text               c_w.l(use_no_semi.o)
    0x08003944   0x0000041a   Code   RO          804    .text               c_w.l(_printf_fp_dec.o)
    0x08003d5e   0x00000002   PAD
    0x08003d60   0x00000030   Code   RO          806    .text               c_w.l(_printf_char_common.o)
    0x08003d90   0x00000024   Code   RO          812    .text               c_w.l(_printf_char_file.o)
    0x08003db4   0x00000008   Code   RO          848    .text               c_w.l(rt_locale_intlibspace.o)
    0x08003dbc   0x0000008a   Code   RO          850    .text               c_w.l(lludiv10.o)
    0x08003e46   0x00000002   PAD
    0x08003e48   0x00000080   Code   RO          852    .text               c_w.l(_printf_fp_infnan.o)
    0x08003ec8   0x000000dc   Code   RO          856    .text               c_w.l(bigflt0.o)
    0x08003fa4   0x00000008   Code   RO          881    .text               c_w.l(ferror.o)
    0x08003fac   0x00000008   Code   RO          894    .text               c_w.l(libspace.o)
    0x08003fb4   0x0000004a   Code   RO          897    .text               c_w.l(sys_stackheap_outer.o)
    0x08003ffe   0x0000000c   Code   RO          899    .text               c_w.l(exit.o)
    0x0800400a   0x00000002   PAD
    0x0800400c   0x00000080   Code   RO          901    .text               c_w.l(strcmpv7m.o)
    0x0800408c   0x0000003e   Code   RO          859    CL$$btod_d2e        c_w.l(btod.o)
    0x080040ca   0x00000046   Code   RO          861    CL$$btod_d2e_denorm_low  c_w.l(btod.o)
    0x08004110   0x00000060   Code   RO          860    CL$$btod_d2e_norm_op1  c_w.l(btod.o)
    0x08004170   0x00000338   Code   RO          869    CL$$btod_div_common  c_w.l(btod.o)
    0x080044a8   0x000000c6   Code   RO          866    CL$$btod_e2e        c_w.l(btod.o)
    0x0800456e   0x00000028   Code   RO          863    CL$$btod_ediv       c_w.l(btod.o)
    0x08004596   0x00000028   Code   RO          862    CL$$btod_emul       c_w.l(btod.o)
    0x080045be   0x00000244   Code   RO          868    CL$$btod_mult_common  c_w.l(btod.o)
    0x08004802   0x00000028   Code   RO          892    i.__ARM_fpclassify  m_ws.l(fpclassify.o)
    0x0800482a   0x0000000e   Code   RO          735    i._is_digit         c_w.l(__printf_wp.o)
    0x08004838   0x0000002c   Code   RO          886    locale$$code        c_w.l(lc_numeric_c.o)
    0x08004864   0x00000062   Code   RO          755    x$fpl$d2f           fz_ws.l(d2f.o)
    0x080048c6   0x00000002   PAD
    0x080048c8   0x00000150   Code   RO          757    x$fpl$dadd          fz_ws.l(daddsub_clz.o)
    0x08004a18   0x000002b0   Code   RO          764    x$fpl$ddiv          fz_ws.l(ddiv.o)
    0x08004cc8   0x00000026   Code   RO          771    x$fpl$dfltu         fz_ws.l(dflt_clz.o)
    0x08004cee   0x00000002   PAD
    0x08004cf0   0x00000154   Code   RO          777    x$fpl$dmul          fz_ws.l(dmul.o)
    0x08004e44   0x0000009c   Code   RO          819    x$fpl$dnaninf       fz_ws.l(dnaninf.o)
    0x08004ee0   0x0000000c   Code   RO          821    x$fpl$dretinf       fz_ws.l(dretinf.o)
    0x08004eec   0x000001d4   Code   RO          759    x$fpl$dsub          fz_ws.l(daddsub_clz.o)
    0x080050c0   0x00000056   Code   RO          781    x$fpl$f2d           fz_ws.l(f2d.o)
    0x08005116   0x00000002   PAD
    0x08005118   0x0000003e   Code   RO          783    x$fpl$ffixu         fz_ws.l(ffixu.o)
    0x08005156   0x0000008c   Code   RO          825    x$fpl$fnaninf       fz_ws.l(fnaninf.o)
    0x080051e2   0x0000000a   Code   RO          827    x$fpl$fretinf       fz_ws.l(fretinf.o)
    0x080051ec   0x00000004   Code   RO          797    x$fpl$printf1       fz_ws.l(printf1.o)
    0x080051f0   0x00000000   Code   RO          829    x$fpl$usenofp       fz_ws.l(usenofp.o)
    0x080051f0   0x00000818   Data   RO          366    .constdata          lt_oled.o
    0x08005a08   0x00000011   Data   RO          738    .constdata          c_w.l(__printf_flags_wp.o)
    0x08005a19   0x00000003   PAD
    0x08005a1c   0x00000094   Data   RO          857    .constdata          c_w.l(bigflt0.o)
    0x08005ab0   0x00000020   Data   RO         1028    Region$$Table       anon$$obj.o
    0x08005ad0   0x0000001c   Data   RO          885    locale$$data        c_w.l(lc_numeric_c.o)


    Execution Region RW_IRAM1 (Base: 0x20000000, Size: 0x00000a48, Max: 0x00005000, ABSOLUTE, COMPRESSED[0x00000154])

    Base Addr    Size         Type   Attr      Idx    E Section Name        Object

    0x20000000   0x00000010   Data   RW            2    .data               main.o
    0x20000010   0x00000014   Data   RW          224    .data               system_stm32f10x.o
    0x20000024   0x00000001   Data   RW          242    .data               lt_key.o
    0x20000025   0x00000280   Data   RW          367    .data               lt_oled.o
    0x200002a5   0x00000003   PAD
    0x200002a8   0x00000014   Data   RW          484    .data               lt_fdc2214.o
    0x200002bc   0x00000004   Data   RW          518    .data               delay.o
    0x200002c0   0x00000009   Data   RW          550    .data               usart.o
    0x200002c9   0x00000014   Data   RW          613    .data               stm32f10x_rcc.o
    0x200002dd   0x00000003   PAD
    0x200002e0   0x00000040   Zero   RW          483    .bss                lt_fdc2214.o
    0x20000320   0x000000c8   Zero   RW          549    .bss                usart.o
    0x200003e8   0x00000060   Zero   RW          895    .bss                c_w.l(libspace.o)
    0x20000448   0x00000200   Zero   RW          582    HEAP                startup_stm32f10x_hd.o
    0x20000648   0x00000400   Zero   RW          581    STACK               startup_stm32f10x_hd.o


==============================================================================

Image component sizes


      Code (inc. data)   RO Data    RW Data    ZI Data      Debug   Object Name

       212         18          0          4          0       1267   delay.o
      1960         54          0         20         64      10399   lt_fdc2214.o
       752         14          0          0          0       2685   lt_fdc2214_iic.o
       188          8          0          1          0       1653   lt_key.o
        92          8          0          0          0        654   lt_led.o
      1560         20       2072        640          0       7015   lt_oled.o
       148         14          0          0          0        912   lt_timer.o
       924        178          0         16          0     253349   main.o
       220         22          0          0          0       2045   misc.o
        64         26        304          0       1536        888   startup_stm32f10x_hd.o
       860         38          0          0          0       5889   stm32f10x_gpio.o
        26          0          0          0          0       1302   stm32f10x_it.o
       932         36          0         20          0       9184   stm32f10x_rcc.o
      3610         88          0          0          0      22376   stm32f10x_tim.o
      1032         22          0          0          0       8616   stm32f10x_usart.o
         0          0          0          0          0         32   sys.o
       480         38          0         20          0       2103   system_stm32f10x.o
       624         26          0          9        200       4502   usart.o

    ----------------------------------------------------------------------
     13686        610       2408        736       1800     334871   Object Totals
         0          0         32          0          0          0   (incl. Generated)
         2          0          0          6          0          0   (incl. Padding)

    ----------------------------------------------------------------------

      Code (inc. data)   RO Data    RW Data    ZI Data      Debug   Library Member Name

        90          0          0          0          0          0   __dczerorl2.o
         8          0          0          0          0         68   __main.o
       312          4         17          0          0         92   __printf_flags_wp.o
        14          0          0          0          0         68   __printf_wp.o
         0          0          0          0          0          0   __rtentry.o
        12          0          0          0          0          0   __rtentry2.o
         6          0          0          0          0          0   __rtentry4.o
        52          8          0          0          0          0   __scatter.o
        28          0          0          0          0          0   __scatter_zi.o
        48          6          0          0          0         96   _printf_char_common.o
        36          4          0          0          0         80   _printf_char_file.o
         6          0          0          0          0          0   _printf_f.o
      1050          0          0          0          0        216   _printf_fp_dec.o
       128         16          0          0          0         84   _printf_fp_infnan.o
        78          0          0          0          0        108   _printf_pad.o
         0          0          0          0          0          0   _printf_percent.o
         4          0          0          0          0          0   _printf_percent_end.o
       220          4        148          0          0         96   bigflt0.o
      1910        128          0          0          0        672   btod.o
        12          0          0          0          0         72   exit.o
         8          0          0          0          0         68   ferror.o
         6          0          0          0          0        152   heapauxi.o
        44         10         28          0          0         76   lc_numeric_c.o
         2          0          0          0          0          0   libinit.o
        18          0          0          0          0          0   libinit2.o
         2          0          0          0          0          0   libshutdown.o
         2          0          0          0          0          0   libshutdown2.o
         8          4          0          0         96         68   libspace.o
       138          0          0          0          0         80   lludiv10.o
        24          4          0          0          0         84   noretval__2printf.o
         8          4          0          0          0         68   rt_locale_intlibspace.o
         2          0          0          0          0          0   rtexit.o
        10          0          0          0          0          0   rtexit2.o
       128          0          0          0          0         68   strcmpv7m.o
        74          0          0          0          0         80   sys_stackheap_outer.o
         2          0          0          0          0         68   use_no_semi.o
         2          0          0          0          0         68   use_no_semi_2.o
        98          4          0          0          0         92   d2f.o
       804         16          0          0          0        272   daddsub_clz.o
       688        140          0          0          0        208   ddiv.o
        38          0          0          0          0         68   dflt_clz.o
       340         12          0          0          0        104   dmul.o
       156          4          0          0          0         92   dnaninf.o
        12          0          0          0          0         68   dretinf.o
        86          4          0          0          0         84   f2d.o
        62          4          0          0          0         84   ffixu.o
       140          4          0          0          0         84   fnaninf.o
        10          0          0          0          0         68   fretinf.o
         4          0          0          0          0         68   printf1.o
         0          0          0          0          0          0   usenofp.o
        40          0          0          0          0         68   fpclassify.o

    ----------------------------------------------------------------------
      6986        380        196          0         96       3892   Library Totals
        16          0          3          0          0          0   (incl. Padding)

    ----------------------------------------------------------------------

      Code (inc. data)   RO Data    RW Data    ZI Data      Debug   Library Name

      4492        192        193          0         96       2532   c_w.l
      2438        188          0          0          0       1292   fz_ws.l
        40          0          0          0          0         68   m_ws.l

    ----------------------------------------------------------------------
      6986        380        196          0         96       3892   Library Totals

    ----------------------------------------------------------------------

==============================================================================


      Code (inc. data)   RO Data    RW Data    ZI Data      Debug   

     20672        990       2604        736       1896     335431   Grand Totals
     20672        990       2604        340       1896     335431   ELF Image Totals (compressed)
     20672        990       2604        340          0          0   ROM Totals

==============================================================================

    Total RO  Size (Code + RO Data)                23276 (  22.73kB)
    Total RW  Size (RW Data + ZI Data)              2632 (   2.57kB)
    Total ROM Size (Code + RO Data + RW Data)      23616 (  23.06kB)

==============================================================================

